   Compiling clutch-sbf-svm-tests v0.1.0 (/Users/ember/dev/dragons-clutch/programs/clutch-sbf/svm-tests)
    Finished `test` profile [unoptimized + debuginfo] target(s) in 2.05s
     Running tests/candidate_selection.rs (target/debug/deps/candidate_selection-bc0cede02c4586c9)

running 5 tests
test a_beyond_128_bit_score_tie_resolves_by_the_full_width_digest ... SubmitCandidate CU: 34231
WriteCandidateFeed (fills x4) CU: 9641
WriteCandidateFeed (slices x2) CU: 9882
SealCandidate (0 retained) CU: 44911
SubmitCandidate CU: 32721
WriteCandidateFeed (fills x4) CU: 6641
WriteCandidateFeed (slices x2) CU: 6882
SealCandidate (1 retained) CU: 45341
CompleteClearWork CU: 121713
CompleteClearWork CU: 121713
FinalizeSelection (2 verified, digest tie) CU: 39512
ok
test a_fourth_candidate_displaces_the_worst_and_supersedes_it ... SubmitCandidate CU: 34231
WriteCandidateFeed (fills x4) CU: 8141
WriteCandidateFeed (slices x2) CU: 8382
SealCandidate (0 retained) CU: 43411
SubmitCandidate CU: 32721
WriteCandidateFeed (fills x4) CU: 8141
WriteCandidateFeed (slices x2) CU: 8382
SealCandidate (1 retained) CU: 48341
SubmitCandidate CU: 34228
WriteCandidateFeed (fills x4) CU: 9641
WriteCandidateFeed (slices x2) CU: 9882
SealCandidate (2 retained) CU: 53279
CompleteClearWork CU: 126213
SubmitCandidate CU: 31234
WriteCandidateFeed (fills x4) CU: 6641
WriteCandidateFeed (slices x2) CU: 6882
SealCandidate (3 retained) CU: 64155
SealCandidate (displacing) CU: 64155
SubmitCandidate CU: 35734
WriteCandidateFeed (fills x4) CU: 6641
WriteCandidateFeed (slices x2) CU: 6882
ok
test an_empty_verified_set_lapses_honestly ... SubmitCandidate CU: 34231
WriteCandidateFeed (fills x4) CU: 8141
WriteCandidateFeed (slices x2) CU: 8382
SealCandidate (0 retained) CU: 43411
FinalizeSelection (lapse, 0 verified) CU: 20685
ok
test selection_picks_the_total_order_winner_and_excludes_the_unverified ... SubmitCandidate CU: 34231
WriteCandidateFeed (fills x4) CU: 8141
WriteCandidateFeed (slices x2) CU: 8382
SealCandidate (0 retained) CU: 43411
SubmitCandidate CU: 32721
WriteCandidateFeed (fills x4) CU: 8141
WriteCandidateFeed (slices x2) CU: 8382
SealCandidate (1 retained) CU: 48341
SubmitCandidate CU: 34228
WriteCandidateFeed (fills x4) CU: 9641
WriteCandidateFeed (slices x2) CU: 9882
SealCandidate (2 retained) CU: 53279
CompleteClearWork CU: 126213
CompleteClearWork CU: 120213
FinalizeSelection (3 retained, 2 verified) CU: 49280
ok
test tampered_digests_and_stored_regions_refuse_selection ... SubmitCandidate CU: 34231
WriteCandidateFeed (fills x4) CU: 8141
WriteCandidateFeed (slices x2) CU: 8382
SealCandidate (0 retained) CU: 43411
CompleteClearWork CU: 126213
ok

test result: ok. 5 passed; 0 failed; 0 ignored; 0 measured; 0 filtered out; finished in 2.60s

