   Compiling five8_core v1.0.0
   Compiling solana-program-error v3.0.1
   Compiling solana-define-syscall v4.0.1
   Compiling solana-sanitize v3.0.1
   Compiling solana-define-syscall v5.1.0 (/Users/ember/dev/dragons-clutch/programs/clutch-sbf/vendor/solana-define-syscall-5.1.0)
   Compiling autocfg v1.5.1
   Compiling solana-hash v4.5.0
   Compiling clutch-batch v0.1.0 (/Users/ember/dev/dragons-clutch/crates/clutch-batch)
   Compiling clutch-liveness v0.1.0 (/Users/ember/dev/dragons-clutch/crates/clutch-liveness)
   Compiling clutch-bspline v0.1.0 (/Users/ember/dev/dragons-clutch/crates/clutch-bspline)
   Compiling clutch-accumulator v0.1.0 (/Users/ember/dev/dragons-clutch/crates/clutch-accumulator)
   Compiling clutch-kernel v0.1.0 (/Users/ember/dev/dragons-clutch/crates/clutch-kernel)
   Compiling five8 v1.0.0
   Compiling five8_const v1.0.0
   Compiling solana-sha256-hasher v3.1.0
   Compiling solana-program-memory v3.1.0
   Compiling clutch-bspline-accumulator v0.1.0 (/Users/ember/dev/dragons-clutch/crates/clutch-bspline-accumulator)
   Compiling solana-address v2.6.1
   Compiling solana-pubkey v4.2.0
   Compiling solana-account-info v3.1.1
   Compiling solana-sdk-ids v3.1.0
   Compiling num-traits v0.2.19
   Compiling solana-program-entrypoint v3.1.1
   Compiling clutch-batch-policy-identity v0.1.0 (/Users/ember/dev/dragons-clutch/research/batch-policy-identity)
   Compiling solana-instruction-error v2.4.0
   Compiling clutch-solana-layout v0.1.0 (/Users/ember/dev/dragons-clutch/programs/solana-layout)
   Compiling solana-instruction v3.4.1
   Compiling solana-stable-layout v3.0.1
   Compiling solana-cpi v3.1.0
warning: unused import: `Sha256`
  --> src/stream.rs:89:48
   |
89 |     OwnerId, PriceGridAccount, Reader, Result, Sha256, TombstoneRecord, Writer, EPOCH_PHASE_OPEN,
   |                                                ^^^^^^
   |
   = note: `#[warn(unused_imports)]` on by default

Error: Function _ZN12clutch_batch11relation_v19normalize17h6bf6faecd1b38f11E overflows the maximum allowed frame space by accessing an offset 7872 bytes greater than the maximum of 4096. Please, minimize large stack variables. Estimated function frame size: 11968 bytes. Exceeding the maximum stack offset may cause undefined behavior during execution.

Error: Function _ZN12clutch_batch11relation_v111settle_cash17hc8434523ba7b267fE overflows the maximum allowed frame space by accessing an offset 1984 bytes greater than the maximum of 4096. Please, minimize large stack variables. Estimated function frame size: 6080 bytes. Exceeding the maximum stack offset may cause undefined behavior during execution.

Error: Function _ZN12clutch_batch11relation_v122verify_pairing_witness17h49488d2cb4e9365aE overflows the maximum allowed frame space by accessing an offset 7872 bytes greater than the maximum of 4096. Please, minimize large stack variables. Estimated function frame size: 11968 bytes. Exceeding the maximum stack offset may cause undefined behavior during execution.

Error: Function _ZN12clutch_batch11relation_v112verify_inner17hae6387153a94123eE overflows the maximum allowed frame space by accessing an offset 27968 bytes greater than the maximum of 4096. Please, minimize large stack variables. Estimated function frame size: 32064 bytes. Exceeding the maximum stack offset may cause undefined behavior during execution.

Error: A function call in method _ZN12clutch_batch11relation_v112verify_inner17hae6387153a94123eE overwrites values in the frame. Please, decrease stack usage or remove parameters from the call. The function call may cause undefined behavior during execution.

Error: A function call in method _ZN12clutch_batch11relation_v112verify_inner17hae6387153a94123eE overwrites values in the frame. Please, decrease stack usage or remove parameters from the call. The function call may cause undefined behavior during execution.

Error: A function call in method _ZN12clutch_batch11relation_v112verify_inner17hae6387153a94123eE overwrites values in the frame. Please, decrease stack usage or remove parameters from the call. The function call may cause undefined behavior during execution.

Error: A function call in method _ZN12clutch_batch11relation_v112verify_inner17hae6387153a94123eE overwrites values in the frame. Please, decrease stack usage or remove parameters from the call. The function call may cause undefined behavior during execution.

Error: A function call in method _ZN12clutch_batch11relation_v112verify_inner17hae6387153a94123eE overwrites values in the frame. Please, decrease stack usage or remove parameters from the call. The function call may cause undefined behavior during execution.

Error: A function call in method _ZN12clutch_batch11relation_v112verify_inner17hae6387153a94123eE overwrites values in the frame. Please, decrease stack usage or remove parameters from the call. The function call may cause undefined behavior during execution.

Error: Function _ZN12clutch_batch11relation_v119canonical_candidate17h32b34292c49d437cE overflows the maximum allowed frame space by accessing an offset 40192 bytes greater than the maximum of 4096. Please, minimize large stack variables. Estimated function frame size: 44288 bytes. Exceeding the maximum stack offset may cause undefined behavior during execution.

Error: A function call in method _ZN12clutch_batch11relation_v119canonical_candidate17h32b34292c49d437cE overwrites values in the frame. Please, decrease stack usage or remove parameters from the call. The function call may cause undefined behavior during execution.

Error: A function call in method _ZN12clutch_batch11relation_v119canonical_candidate17h32b34292c49d437cE overwrites values in the frame. Please, decrease stack usage or remove parameters from the call. The function call may cause undefined behavior during execution.

Error: A function call in method _ZN12clutch_batch11relation_v119canonical_candidate17h32b34292c49d437cE overwrites values in the frame. Please, decrease stack usage or remove parameters from the call. The function call may cause undefined behavior during execution.

Error: A function call in method _ZN12clutch_batch11relation_v119canonical_candidate17h32b34292c49d437cE overwrites values in the frame. Please, decrease stack usage or remove parameters from the call. The function call may cause undefined behavior during execution.

Error: A function call in method _ZN12clutch_batch11relation_v119canonical_candidate17h32b34292c49d437cE overwrites values in the frame. Please, decrease stack usage or remove parameters from the call. The function call may cause undefined behavior during execution.

Error: A function call in method _ZN12clutch_batch11relation_v119canonical_candidate17h32b34292c49d437cE overwrites values in the frame. Please, decrease stack usage or remove parameters from the call. The function call may cause undefined behavior during execution.

Error: A function call in method _ZN12clutch_batch11relation_v119canonical_candidate17h32b34292c49d437cE overwrites values in the frame. Please, decrease stack usage or remove parameters from the call. The function call may cause undefined behavior during execution.

Error: Function _ZN12clutch_batch11relation_v117canonical_pairing17h4e3d7e669e3b562bE overflows the maximum allowed frame space by accessing an offset 22016 bytes greater than the maximum of 4096. Please, minimize large stack variables. Estimated function frame size: 26112 bytes. Exceeding the maximum stack offset may cause undefined behavior during execution.

Error: Function _ZN12clutch_batch11relation_v121check_explicit_slices17h27f2fc3503257672E overflows the maximum allowed frame space by accessing an offset 4736 bytes greater than the maximum of 4096. Please, minimize large stack variables. Estimated function frame size: 8832 bytes. Exceeding the maximum stack offset may cause undefined behavior during execution.

Error: Function _ZN12clutch_batch11relation_v118propose_best_valid17hfe67641213361e32E overflows the maximum allowed frame space by accessing an offset 10240 bytes greater than the maximum of 4096. Please, minimize large stack variables. Estimated function frame size: 14336 bytes. Exceeding the maximum stack offset may cause undefined behavior during execution.

Error: A function call in method _ZN12clutch_batch11relation_v118propose_best_valid17hfe67641213361e32E overwrites values in the frame. Please, decrease stack usage or remove parameters from the call. The function call may cause undefined behavior during execution.

Error: A function call in method _ZN12clutch_batch11relation_v118propose_best_valid17hfe67641213361e32E overwrites values in the frame. Please, decrease stack usage or remove parameters from the call. The function call may cause undefined behavior during execution.

Error: Function _ZN28clutch_batch_policy_identity19direct_lifecycle_v321DirectPrefreezePageV322recomputed_page_digest17hf17c9a0daf28fc8dE overflows the maximum allowed frame space by accessing an offset 3776 bytes greater than the maximum of 4096. Please, minimize large stack variables. Estimated function frame size: 7872 bytes. Exceeding the maximum stack offset may cause undefined behavior during execution.

Error: Function _ZN28clutch_batch_policy_identity19direct_lifecycle_v317DirectPrefreezeV310initialize17h0d63cf5c9e54f0a7E overflows the maximum allowed frame space by accessing an offset 2560 bytes greater than the maximum of 4096. Please, minimize large stack variables. Estimated function frame size: 6656 bytes. Exceeding the maximum stack offset may cause undefined behavior during execution.

Error: Function _ZN28clutch_batch_policy_identity19direct_lifecycle_v317DirectPrefreezeV317place_reservation17hc204e43488b15ee4E overflows the maximum allowed frame space by accessing an offset 13760 bytes greater than the maximum of 4096. Please, minimize large stack variables. Estimated function frame size: 17856 bytes. Exceeding the maximum stack offset may cause undefined behavior during execution.

Error: A function call in method _ZN28clutch_batch_policy_identity19direct_lifecycle_v317DirectPrefreezeV317place_reservation17hc204e43488b15ee4E overwrites values in the frame. Please, decrease stack usage or remove parameters from the call. The function call may cause undefined behavior during execution.

Error: A function call in method _ZN28clutch_batch_policy_identity19direct_lifecycle_v317DirectPrefreezeV317place_reservation17hc204e43488b15ee4E overwrites values in the frame. Please, decrease stack usage or remove parameters from the call. The function call may cause undefined behavior during execution.

Error: Function _ZN28clutch_batch_policy_identity19direct_lifecycle_v317DirectPrefreezeV36freeze17hd857ebb47bba0c6cE overflows the maximum allowed frame space by accessing an offset 24448 bytes greater than the maximum of 4096. Please, minimize large stack variables. Estimated function frame size: 28544 bytes. Exceeding the maximum stack offset may cause undefined behavior during execution.

Error: Function _ZN28clutch_batch_policy_identity19direct_lifecycle_v317DirectPrefreezeV35abort17h79c6cb5cc57c09d0E overflows the maximum allowed frame space by accessing an offset 4480 bytes greater than the maximum of 4096. Please, minimize large stack variables. Estimated function frame size: 8576 bytes. Exceeding the maximum stack offset may cause undefined behavior during execution.

Error: A function call in method _ZN28clutch_batch_policy_identity19direct_lifecycle_v317DirectPrefreezeV35abort17h79c6cb5cc57c09d0E overwrites values in the frame. Please, decrease stack usage or remove parameters from the call. The function call may cause undefined behavior during execution.

Error: A function call in method _ZN28clutch_batch_policy_identity19direct_lifecycle_v317DirectPrefreezeV35abort17h79c6cb5cc57c09d0E overwrites values in the frame. Please, decrease stack usage or remove parameters from the call. The function call may cause undefined behavior during execution.

Error: A function call in method _ZN28clutch_batch_policy_identity19direct_lifecycle_v317DirectPrefreezeV35abort17h79c6cb5cc57c09d0E overwrites values in the frame. Please, decrease stack usage or remove parameters from the call. The function call may cause undefined behavior during execution.

Error: A function call in method _ZN28clutch_batch_policy_identity19direct_lifecycle_v317DirectPrefreezeV35abort17h79c6cb5cc57c09d0E overwrites values in the frame. Please, decrease stack usage or remove parameters from the call. The function call may cause undefined behavior during execution.

Error: A function call in method _ZN28clutch_batch_policy_identity19direct_lifecycle_v317DirectPrefreezeV35abort17h79c6cb5cc57c09d0E overwrites values in the frame. Please, decrease stack usage or remove parameters from the call. The function call may cause undefined behavior during execution.

Error: Function _ZN28clutch_batch_policy_identity19direct_lifecycle_v317DirectLifecycleV35admit17hdb7f4f2f4998965cE overflows the maximum allowed frame space by accessing an offset 17408 bytes greater than the maximum of 4096. Please, minimize large stack variables. Estimated function frame size: 21504 bytes. Exceeding the maximum stack offset may cause undefined behavior during execution.

Error: A function call in method _ZN28clutch_batch_policy_identity19direct_lifecycle_v317DirectLifecycleV35admit17hdb7f4f2f4998965cE overwrites values in the frame. Please, decrease stack usage or remove parameters from the call. The function call may cause undefined behavior during execution.

Error: A function call in method _ZN28clutch_batch_policy_identity19direct_lifecycle_v317DirectLifecycleV35admit17hdb7f4f2f4998965cE overwrites values in the frame. Please, decrease stack usage or remove parameters from the call. The function call may cause undefined behavior during execution.

Error: A function call in method _ZN28clutch_batch_policy_identity19direct_lifecycle_v317DirectLifecycleV35admit17hdb7f4f2f4998965cE overwrites values in the frame. Please, decrease stack usage or remove parameters from the call. The function call may cause undefined behavior during execution.

Error: Function _ZN28clutch_batch_policy_identity19direct_lifecycle_v317DirectLifecycleV318begin_verification17ha3ac517383f50fbcE overflows the maximum allowed frame space by accessing an offset 15808 bytes greater than the maximum of 4096. Please, minimize large stack variables. Estimated function frame size: 19904 bytes. Exceeding the maximum stack offset may cause undefined behavior during execution.

Error: Function _ZN28clutch_batch_policy_identity19direct_lifecycle_v317DirectLifecycleV316verify_candidate17h8ca990fb7f5ed6c6E overflows the maximum allowed frame space by accessing an offset 16640 bytes greater than the maximum of 4096. Please, minimize large stack variables. Estimated function frame size: 20736 bytes. Exceeding the maximum stack offset may cause undefined behavior during execution.

Error: Function _ZN28clutch_batch_policy_identity19direct_lifecycle_v317DirectLifecycleV318finalize_selection17h189fe40b0cc32314E overflows the maximum allowed frame space by accessing an offset 17088 bytes greater than the maximum of 4096. Please, minimize large stack variables. Estimated function frame size: 21184 bytes. Exceeding the maximum stack offset may cause undefined behavior during execution.

Error: A function call in method _ZN28clutch_batch_policy_identity19direct_lifecycle_v317DirectLifecycleV318finalize_selection17h189fe40b0cc32314E overwrites values in the frame. Please, decrease stack usage or remove parameters from the call. The function call may cause undefined behavior during execution.

Error: A function call in method _ZN28clutch_batch_policy_identity19direct_lifecycle_v317DirectLifecycleV318finalize_selection17h189fe40b0cc32314E overwrites values in the frame. Please, decrease stack usage or remove parameters from the call. The function call may cause undefined behavior during execution.

Error: A function call in method _ZN28clutch_batch_policy_identity19direct_lifecycle_v317DirectLifecycleV318finalize_selection17h189fe40b0cc32314E overwrites values in the frame. Please, decrease stack usage or remove parameters from the call. The function call may cause undefined behavior during execution.

Error: A function call in method _ZN28clutch_batch_policy_identity19direct_lifecycle_v317DirectLifecycleV318finalize_selection17h189fe40b0cc32314E overwrites values in the frame. Please, decrease stack usage or remove parameters from the call. The function call may cause undefined behavior during execution.

Error: A function call in method _ZN28clutch_batch_policy_identity19direct_lifecycle_v317DirectLifecycleV318finalize_selection17h189fe40b0cc32314E overwrites values in the frame. Please, decrease stack usage or remove parameters from the call. The function call may cause undefined behavior during execution.

Error: A function call in method _ZN28clutch_batch_policy_identity19direct_lifecycle_v317DirectLifecycleV318finalize_selection17h189fe40b0cc32314E overwrites values in the frame. Please, decrease stack usage or remove parameters from the call. The function call may cause undefined behavior during execution.

Error: Function _ZN28clutch_batch_policy_identity19direct_lifecycle_v317DirectLifecycleV330require_observations_unchanged17h2f2ce3641c4581f1E overflows the maximum allowed frame space by accessing an offset 2880 bytes greater than the maximum of 4096. Please, minimize large stack variables. Estimated function frame size: 6976 bytes. Exceeding the maximum stack offset may cause undefined behavior during execution.

Error: Function _ZN28clutch_batch_policy_identity19direct_lifecycle_v317DirectLifecycleV315finish_terminal17h341466c3dd3a69c9E overflows the maximum allowed frame space by accessing an offset 17408 bytes greater than the maximum of 4096. Please, minimize large stack variables. Estimated function frame size: 21504 bytes. Exceeding the maximum stack offset may cause undefined behavior during execution.

Error: A function call in method _ZN28clutch_batch_policy_identity19direct_lifecycle_v317DirectLifecycleV315finish_terminal17h341466c3dd3a69c9E overwrites values in the frame. Please, decrease stack usage or remove parameters from the call. The function call may cause undefined behavior during execution.

Error: A function call in method _ZN28clutch_batch_policy_identity19direct_lifecycle_v317DirectLifecycleV315finish_terminal17h341466c3dd3a69c9E overwrites values in the frame. Please, decrease stack usage or remove parameters from the call. The function call may cause undefined behavior during execution.

Error: A function call in method _ZN28clutch_batch_policy_identity19direct_lifecycle_v317DirectLifecycleV315finish_terminal17h341466c3dd3a69c9E overwrites values in the frame. Please, decrease stack usage or remove parameters from the call. The function call may cause undefined behavior during execution.

Error: A function call in method _ZN28clutch_batch_policy_identity19direct_lifecycle_v317DirectLifecycleV315finish_terminal17h341466c3dd3a69c9E overwrites values in the frame. Please, decrease stack usage or remove parameters from the call. The function call may cause undefined behavior during execution.

Error: A function call in method _ZN28clutch_batch_policy_identity19direct_lifecycle_v317DirectLifecycleV315finish_terminal17h341466c3dd3a69c9E overwrites values in the frame. Please, decrease stack usage or remove parameters from the call. The function call may cause undefined behavior during execution.

Error: A function call in method _ZN28clutch_batch_policy_identity19direct_lifecycle_v317DirectLifecycleV315finish_terminal17h341466c3dd3a69c9E overwrites values in the frame. Please, decrease stack usage or remove parameters from the call. The function call may cause undefined behavior during execution.

Error: A function call in method _ZN28clutch_batch_policy_identity19direct_lifecycle_v317DirectLifecycleV315finish_terminal17h341466c3dd3a69c9E overwrites values in the frame. Please, decrease stack usage or remove parameters from the call. The function call may cause undefined behavior during execution.

Error: A function call in method _ZN28clutch_batch_policy_identity19direct_lifecycle_v317DirectLifecycleV315finish_terminal17h341466c3dd3a69c9E overwrites values in the frame. Please, decrease stack usage or remove parameters from the call. The function call may cause undefined behavior during execution.

Error: A function call in method _ZN28clutch_batch_policy_identity19direct_lifecycle_v317DirectLifecycleV315finish_terminal17h341466c3dd3a69c9E overwrites values in the frame. Please, decrease stack usage or remove parameters from the call. The function call may cause undefined behavior during execution.

Error: A function call in method _ZN28clutch_batch_policy_identity19direct_lifecycle_v317DirectLifecycleV315finish_terminal17h341466c3dd3a69c9E overwrites values in the frame. Please, decrease stack usage or remove parameters from the call. The function call may cause undefined behavior during execution.

Error: A function call in method _ZN28clutch_batch_policy_identity19direct_lifecycle_v317DirectLifecycleV315finish_terminal17h341466c3dd3a69c9E overwrites values in the frame. Please, decrease stack usage or remove parameters from the call. The function call may cause undefined behavior during execution.

Error: A function call in method _ZN28clutch_batch_policy_identity19direct_lifecycle_v317DirectLifecycleV315finish_terminal17h341466c3dd3a69c9E overwrites values in the frame. Please, decrease stack usage or remove parameters from the call. The function call may cause undefined behavior during execution.

Error: A function call in method _ZN28clutch_batch_policy_identity19direct_lifecycle_v317DirectLifecycleV315finish_terminal17h341466c3dd3a69c9E overwrites values in the frame. Please, decrease stack usage or remove parameters from the call. The function call may cause undefined behavior during execution.

Error: A function call in method _ZN28clutch_batch_policy_identity19direct_lifecycle_v317DirectLifecycleV315finish_terminal17h341466c3dd3a69c9E overwrites values in the frame. Please, decrease stack usage or remove parameters from the call. The function call may cause undefined behavior during execution.

Error: A function call in method _ZN28clutch_batch_policy_identity19direct_lifecycle_v317DirectLifecycleV315finish_terminal17h341466c3dd3a69c9E overwrites values in the frame. Please, decrease stack usage or remove parameters from the call. The function call may cause undefined behavior during execution.

Error: A function call in method _ZN28clutch_batch_policy_identity19direct_lifecycle_v317DirectLifecycleV315finish_terminal17h341466c3dd3a69c9E overwrites values in the frame. Please, decrease stack usage or remove parameters from the call. The function call may cause undefined behavior during execution.

Error: A function call in method _ZN28clutch_batch_policy_identity19direct_lifecycle_v317DirectLifecycleV315finish_terminal17h341466c3dd3a69c9E overwrites values in the frame. Please, decrease stack usage or remove parameters from the call. The function call may cause undefined behavior during execution.

Error: A function call in method _ZN28clutch_batch_policy_identity19direct_lifecycle_v317DirectLifecycleV315finish_terminal17h341466c3dd3a69c9E overwrites values in the frame. Please, decrease stack usage or remove parameters from the call. The function call may cause undefined behavior during execution.

Error: A function call in method _ZN28clutch_batch_policy_identity19direct_lifecycle_v317DirectLifecycleV315finish_terminal17h341466c3dd3a69c9E overwrites values in the frame. Please, decrease stack usage or remove parameters from the call. The function call may cause undefined behavior during execution.

Error: A function call in method _ZN28clutch_batch_policy_identity19direct_lifecycle_v317DirectLifecycleV315finish_terminal17h341466c3dd3a69c9E overwrites values in the frame. Please, decrease stack usage or remove parameters from the call. The function call may cause undefined behavior during execution.

Error: A function call in method _ZN28clutch_batch_policy_identity19direct_lifecycle_v317DirectLifecycleV315finish_terminal17h341466c3dd3a69c9E overwrites values in the frame. Please, decrease stack usage or remove parameters from the call. The function call may cause undefined behavior during execution.

Error: A function call in method _ZN28clutch_batch_policy_identity19direct_lifecycle_v317DirectLifecycleV315finish_terminal17h341466c3dd3a69c9E overwrites values in the frame. Please, decrease stack usage or remove parameters from the call. The function call may cause undefined behavior during execution.

Error: A function call in method _ZN28clutch_batch_policy_identity19direct_lifecycle_v317DirectLifecycleV315finish_terminal17h341466c3dd3a69c9E overwrites values in the frame. Please, decrease stack usage or remove parameters from the call. The function call may cause undefined behavior during execution.

Error: A function call in method _ZN28clutch_batch_policy_identity19direct_lifecycle_v317DirectLifecycleV315finish_terminal17h341466c3dd3a69c9E overwrites values in the frame. Please, decrease stack usage or remove parameters from the call. The function call may cause undefined behavior during execution.

Error: A function call in method _ZN28clutch_batch_policy_identity19direct_lifecycle_v317DirectLifecycleV315finish_terminal17h341466c3dd3a69c9E overwrites values in the frame. Please, decrease stack usage or remove parameters from the call. The function call may cause undefined behavior during execution.

Error: A function call in method _ZN28clutch_batch_policy_identity19direct_lifecycle_v317DirectLifecycleV315finish_terminal17h341466c3dd3a69c9E overwrites values in the frame. Please, decrease stack usage or remove parameters from the call. The function call may cause undefined behavior during execution.

Error: A function call in method _ZN28clutch_batch_policy_identity19direct_lifecycle_v317DirectLifecycleV315finish_terminal17h341466c3dd3a69c9E overwrites values in the frame. Please, decrease stack usage or remove parameters from the call. The function call may cause undefined behavior during execution.

Error: A function call in method _ZN28clutch_batch_policy_identity19direct_lifecycle_v317DirectLifecycleV315finish_terminal17h341466c3dd3a69c9E overwrites values in the frame. Please, decrease stack usage or remove parameters from the call. The function call may cause undefined behavior during execution.

Error: A function call in method _ZN28clutch_batch_policy_identity19direct_lifecycle_v317DirectLifecycleV315finish_terminal17h341466c3dd3a69c9E overwrites values in the frame. Please, decrease stack usage or remove parameters from the call. The function call may cause undefined behavior during execution.

Error: Function _ZN28clutch_batch_policy_identity30full_relation_candidate_digest17h69827c05186e9efcE overflows the maximum allowed frame space by accessing an offset 8128 bytes greater than the maximum of 4096. Please, minimize large stack variables. Estimated function frame size: 12224 bytes. Exceeding the maximum stack offset may cause undefined behavior during execution.

Error: Function _ZN28clutch_batch_policy_identity9recompute17h4c4cf9cbac05a8efE overflows the maximum allowed frame space by accessing an offset 128 bytes greater than the maximum of 4096. Please, minimize large stack variables. Estimated function frame size: 4224 bytes. Exceeding the maximum stack offset may cause undefined behavior during execution.

   Compiling clutch-solana-reference v0.1.0 (/Users/ember/dev/dragons-clutch/programs/solana-reference)
Error: Function _ZN23clutch_solana_reference20validate_market_init17h78f03805b2aab636E overflows the maximum allowed frame space by accessing an offset 5376 bytes greater than the maximum of 4096. Please, minimize large stack variables. Estimated function frame size: 9472 bytes. Exceeding the maximum stack offset may cause undefined behavior during execution.

Error: Function _ZN23clutch_solana_reference22validate_position_init17he4381303ab5e791aE overflows the maximum allowed frame space by accessing an offset 4672 bytes greater than the maximum of 4096. Please, minimize large stack variables. Estimated function frame size: 8768 bytes. Exceeding the maximum stack offset may cause undefined behavior during execution.

Error: Function _ZN23clutch_solana_reference12DecodedState6decode17ha15bca0dfb6418dfE overflows the maximum allowed frame space by accessing an offset 1920 bytes greater than the maximum of 4096. Please, minimize large stack variables. Estimated function frame size: 6016 bytes. Exceeding the maximum stack offset may cause undefined behavior during execution.

Error: Function _ZN23clutch_solana_reference37apply_market_resolution_with_evidence17h1a8c18c7c2511a37E overflows the maximum allowed frame space by accessing an offset 4928 bytes greater than the maximum of 4096. Please, minimize large stack variables. Estimated function frame size: 9024 bytes. Exceeding the maximum stack offset may cause undefined behavior during execution.

Error: Function _ZN23clutch_solana_reference11apply_inner17h94d0f6f11573f361E overflows the maximum allowed frame space by accessing an offset 4096 bytes greater than the maximum of 4096. Please, minimize large stack variables. Estimated function frame size: 8192 bytes. Exceeding the maximum stack offset may cause undefined behavior during execution.

Error: Function _ZN20clutch_solana_layout16OrderPageAccount6decode17h9c29fc59de1e7885E overflows the maximum allowed frame space by accessing an offset 4800 bytes greater than the maximum of 4096. Please, minimize large stack variables. Estimated function frame size: 8896 bytes. Exceeding the maximum stack offset may cause undefined behavior during execution.

Error: Function _ZN20clutch_solana_layout16OrderPageAccount14decode_on_grid17h113eff3ca61d1409E overflows the maximum allowed frame space by accessing an offset 4480 bytes greater than the maximum of 4096. Please, minimize large stack variables. Estimated function frame size: 8576 bytes. Exceeding the maximum stack offset may cause undefined behavior during execution.

warning: `clutch-solana-layout` (lib) generated 1 warning (run `cargo fix --lib -p clutch-solana-layout` to apply 1 suggestion)
   Compiling clutch-sbf v0.1.0 (/Users/ember/dev/dragons-clutch/programs/clutch-sbf/program)
    Finished `release` profile [optimized] target(s) in 8.26s
