   Compiling proc-macro2 v1.0.107
   Compiling unicode-ident v1.0.24
   Compiling quote v1.0.47
   Compiling libc v0.2.189
   Compiling cfg-if v1.0.4
   Compiling serde_core v1.0.229
   Compiling version_check v0.9.5
   Compiling serde v1.0.229
   Compiling typenum v1.20.1
   Compiling subtle v2.6.1
   Compiling const-oid v0.9.6
   Compiling zerocopy v0.8.56
   Compiling once_cell v1.21.4
   Compiling autocfg v1.5.1
   Compiling thiserror v2.0.20
   Compiling getrandom v0.3.4
   Compiling generic-array v0.14.7
   Compiling ident_case v1.0.1
   Compiling strsim v0.11.1
   Compiling cfg_aliases v0.2.2
   Compiling equivalent v1.0.2
   Compiling feature-probe v0.1.1
   Compiling libm v0.2.16
   Compiling hashbrown v0.17.1
   Compiling winnow v1.0.4
   Compiling pastey v0.2.3
   Compiling toml_datetime v1.1.1+spec-1.1.0
   Compiling bv v0.11.1
   Compiling num-traits v0.2.19
   Compiling five8_core v1.0.0
   Compiling solana-sanitize v3.0.1
   Compiling five8 v1.0.0
   Compiling borsh v1.8.0
   Compiling solana-atomic-u64 v3.0.1
   Compiling semver v1.0.28
   Compiling five8_const v1.0.0
   Compiling sha2-const-stable v0.1.0
   Compiling syn v2.0.119
   Compiling syn v3.0.3
   Compiling rustc_version v0.4.1
   Compiling find-msvc-tools v0.1.11
   Compiling wincode v0.5.5
   Compiling indexmap v2.14.0
   Compiling shlex v2.0.1
   Compiling curve25519-dalek v4.1.3
   Compiling log v0.4.33
   Compiling memchr v2.8.3
   Compiling lazy_static v1.5.0
   Compiling bs58 v0.5.1
   Compiling base64 v0.22.1
   Compiling either v1.17.0
   Compiling getrandom v0.2.17
   Compiling cpufeatures v0.2.17
   Compiling rand_core v0.6.4
   Compiling toml_parser v1.1.3+spec-1.1.0
   Compiling rand_core v0.9.5
   Compiling solana-program-memory v3.1.0
   Compiling jobserver v0.1.35
   Compiling percent-encoding v2.3.2
   Compiling arrayvec v0.7.8
   Compiling arrayref v0.3.9
   Compiling solana-define-syscall v4.0.1
   Compiling toml_edit v0.25.13+spec-1.1.0
   Compiling hybrid-array v0.4.14
   Compiling cc v1.4.3
   Compiling cmov v0.5.4
   Compiling ahash v0.8.12
   Compiling constant_time_eq v0.4.2
   Compiling solana-msg v3.1.0
   Compiling ctutils v0.4.2
   Compiling pin-project-lite v0.2.17
   Compiling errno v0.3.14
   Compiling itoa v1.0.18
   Compiling fnv v1.0.7
   Compiling num-integer v0.1.47
   Compiling byteorder v1.5.0
   Compiling derivation-path v0.2.0
   Compiling futures-core v0.3.34
   Compiling uriparse v0.6.4
   Compiling qstring v0.7.2
   Compiling bitflags v2.13.1
   Compiling crypto-common v0.2.2
   Compiling block-buffer v0.12.1
   Compiling serde_bytes v0.11.19
   Compiling proc-macro-crate v3.5.0
   Compiling parking_lot_core v0.9.12
   Compiling scopeguard v1.2.0
   Compiling void v1.0.2
   Compiling slab v0.4.12
   Compiling lock_api v0.4.14
   Compiling zmij v1.0.23
   Compiling unreachable v1.0.0
   Compiling signal-hook-registry v1.4.8
   Compiling solana-svm-feature-set v4.2.1
   Compiling futures-sink v0.3.34
   Compiling ascii v0.9.3
   Compiling serde_json v1.0.151
   Compiling crossbeam-utils v0.8.22
   Compiling solana-derivation-path v3.0.0
   Compiling combine v3.8.1
   Compiling hash32 v0.3.1
   Compiling solana-seed-derivable v3.0.0
   Compiling socket2 v0.6.5
   Compiling rustc-demangle v0.1.28
   Compiling digest v0.11.3
   Compiling mio v1.2.2
   Compiling futures-channel v0.3.34
   Compiling blake3 v1.8.6
   Compiling thiserror v1.0.69
   Compiling stable_deref_trait v1.2.1
   Compiling radium v0.7.0
   Compiling futures-io v0.3.34
   Compiling tap v1.0.1
   Compiling futures-task v0.3.34
   Compiling wyz v0.5.1
   Compiling funty v2.0.0
   Compiling itertools v0.14.0
   Compiling num-bigint v0.2.6
   Compiling tracing-core v0.1.36
   Compiling ring v0.17.14
   Compiling num-bigint v0.4.8
   Compiling ppv-lite86 v0.2.21
   Compiling num-complex v0.2.4
   Compiling num-rational v0.2.4
   Compiling rand_chacha v0.9.0
   Compiling rand_chacha v0.3.1
   Compiling syn v1.0.109
   Compiling rand v0.9.5
   Compiling darling_core v0.23.0
   Compiling rand v0.8.7
   Compiling synstructure v0.13.2
   Compiling rand_xorshift v0.3.0
   Compiling serde_derive v1.0.229
   Compiling thiserror-impl v2.0.20
   Compiling bytemuck_derive v1.12.0
   Compiling zeroize_derive v1.5.0
   Compiling borsh-derive v1.8.0
   Compiling solana-sdk-macro v3.0.1
   Compiling displaydoc v0.2.7
   Compiling zerofrom-derive v0.1.7
   Compiling zeroize v1.9.0
   Compiling bytemuck v1.25.2
   Compiling tokio-macros v2.7.2
   Compiling yoke-derive v0.8.2
   Compiling thiserror-impl v1.0.69
   Compiling futures-macro v0.3.34
   Compiling solana-sbpf v0.21.1
   Compiling zerovec-derive v0.11.5
   Compiling crypto-common v0.1.7
   Compiling block-buffer v0.10.4
   Compiling darling_macro v0.23.0
   Compiling zerofrom v0.1.8
   Compiling digest v0.10.7
   Compiling tracing-attributes v0.1.31
   Compiling futures-util v0.3.34
   Compiling sha2 v0.10.9
   Compiling signature v2.2.0
   Compiling darling v0.23.0
   Compiling wincode-derive v0.4.6
   Compiling ed25519 v2.2.3
   Compiling hmac v0.12.1
   Compiling pbkdf2 v0.11.0
   Compiling yoke v0.8.3
   Compiling solana-seed-phrase v3.0.0
   Compiling serde_with_macros v3.22.0
   Compiling cfg_eval v0.1.2
   Compiling solana-program-error v3.0.1
   Compiling solana-nullable v1.3.0
   Compiling zerovec v0.11.7
   Compiling num-derive v0.4.2
   Compiling rustls-pki-types v1.15.1
   Compiling tracing v0.1.44
   Compiling enum-iterator-derive v1.5.0
   Compiling serde_with v3.22.0
   Compiling tinystr v0.8.4
   Compiling num-iter v0.1.46
   Compiling solana-precompile-error v3.0.0
   Compiling num_cpus v1.17.0
   Compiling litemap v0.8.3
   Compiling pkg-config v0.3.34
   Compiling writeable v0.6.4
   Compiling untrusted v0.9.0
   Compiling rustversion v1.0.23
   Compiling crossbeam-epoch v0.9.20
   Compiling icu_locale_core v2.3.0
   Compiling solana-instruction-error v2.4.0
   Compiling bincode v1.3.3
   Compiling serde-big-array v0.5.1
   Compiling smallvec v1.15.2
   Compiling solana-transaction-error v3.3.2
   Compiling bytes v1.12.1
   Compiling bitvec v1.1.1
   Compiling enum-iterator v2.3.0
   Compiling parking_lot v0.12.5
   Compiling solana-fee-structure v3.0.0
   Compiling num v0.2.1
   Compiling potential_utf v0.1.6
   Compiling zerotrie v0.2.5
   Compiling solana-svm-type-overrides v4.2.1
   Compiling tokio v1.53.1
   Compiling eager v0.1.0
   Compiling ed25519-dalek v2.2.0
   Compiling rustls v0.23.43
   Compiling ed25519-dalek-bip32 v0.3.0
   Compiling crossbeam-deque v0.8.7
   Compiling utf8_iter v1.0.4
   Compiling icu_properties_data v2.3.0
   Compiling icu_normalizer_data v2.3.0
   Compiling icu_collections v2.3.0
   Compiling icu_provider v2.3.0
   Compiling percentage v0.1.0
   Compiling solana-svm-log-collector v4.2.1
   Compiling solana-svm-measure v4.2.1
   Compiling rayon-core v1.13.0
   Compiling http v1.5.0
   Compiling crossbeam-channel v0.5.16
   Compiling alloc-no-stdlib v2.0.4
   Compiling crc32fast v1.5.0
   Compiling paste v1.0.15
   Compiling icu_properties v2.3.0
   Compiling alloc-stdlib v0.2.4
   Compiling rustls-webpki v0.103.14
   Compiling icu_normalizer v2.3.0
   Compiling simd-adler32 v0.3.10
   Compiling httparse v1.10.1
   Compiling adler2 v2.0.1
   Compiling miniz_oxide v0.8.9
   Compiling http-body v1.1.0
   Compiling rayon v1.12.0
   Compiling brotli-decompressor v5.0.3
   Compiling blst v0.3.17
   Compiling form_urlencoded v1.2.2
   Compiling allocator-api2 v0.2.21
   Compiling tower-service v0.3.3
   Compiling try-lock v0.2.5
   Compiling flate2 v1.1.9
   Compiling want v0.3.1
   Compiling threadpool v1.8.1
   Compiling solana-hash v4.5.0
   Compiling solana-signature v3.4.1
   Compiling solana-short-vec v3.2.2
   Compiling solana-sha256-hasher v3.1.0
   Compiling solana-fee-calculator v3.2.2
   Compiling idna_adapter v1.2.2
   Compiling compression-core v0.4.32
   Compiling solana-address v2.6.1
   Compiling rustix v1.1.4
   Compiling idna v1.1.0
   Compiling atomic-waker v1.1.2
   Compiling sync_wrapper v1.0.2
   Compiling tower-layer v0.3.3
   Compiling ipnet v2.12.1
   Compiling byte-slice-cast v1.2.3
   Compiling brotli v8.0.4
   Compiling solana-pubkey v4.2.0
   Compiling solana-sdk-ids v3.1.0
   Compiling solana-get-sysvar v1.0.0
   Compiling solana-instruction v3.4.1
   Compiling solana-sysvar-id v3.1.0
   Compiling solana-account-info v3.1.1
   Compiling solana-signer v3.0.1
   Compiling solana-clock v3.1.1
   Compiling solana-epoch-schedule v3.2.0
   Compiling solana-program-entrypoint v3.1.1
   Compiling solana-slot-hashes v3.1.0
   Compiling solana-rent v4.3.0
   Compiling solana-stake-history v1.0.0
   Compiling solana-epoch-rewards v3.1.0
   Compiling solana-last-restart-slot v3.1.0
   Compiling solana-slot-history v3.1.0
   Compiling solana-serialize-utils v3.1.2
   Compiling solana-message v4.4.1
   Compiling solana-system-interface v3.2.0
   Compiling solana-keypair v3.1.2
   Compiling solana-sysvar v4.1.0
   Compiling solana-cpi v3.1.0
   Compiling ff v0.13.1
   Compiling solana-instructions-sysvar v4.0.0
   Compiling group v0.13.0
   Compiling solana-stable-layout v3.0.1
   Compiling agave-feature-set v4.2.1
   Compiling solana-svm-timings v4.2.1
   Compiling solana-packet v4.2.0
   Compiling url v2.5.8
   Compiling solana-account v4.3.2
   Compiling pairing v0.23.0
   Compiling core-foundation-sys v0.8.7
   Compiling solana-transaction-context v4.2.1
   Compiling solana-svm-callback v4.2.1
   Compiling crunchy v0.2.4
   Compiling solana-address v1.1.0
   Compiling http-body-util v0.1.5
   Compiling zstd-sys v2.0.16+zstd.1.5.7
   Compiling solana-loader-v3-interface v7.0.0
   Compiling solana-stake-interface v4.3.0
   Compiling solana-serde-varint v3.0.1
   Compiling webpki-roots v1.0.9
   Compiling solana-borsh v3.0.2
   Compiling der v0.7.10
   Compiling num_enum_derive v0.7.6
   Compiling enum-ordinalize-derive v4.4.2
   Compiling ryu v1.0.23
   Compiling rand_core v0.10.1
   Compiling serde_urlencoded v0.7.1
   Compiling solana-transaction v4.1.6
   Compiling enum-ordinalize v4.4.2
   Compiling blstrs v0.7.1
   Compiling num_enum v0.7.6
   Compiling solana-pubkey v3.0.0
   Compiling digest v0.9.0
   Compiling ark-serialize-derive v0.5.0
   Compiling ark-std v0.5.0
   Compiling solana-svm-transaction v4.2.0
   Compiling solana-program-runtime v4.2.1
   Compiling getrandom v0.4.3
   Compiling opaque-debug v0.3.1
   Compiling ark-serialize v0.5.0
   Compiling educe v0.6.0
   Compiling ark-serialize-derive v0.4.2
   Compiling spki v0.7.3
   Compiling ark-ff-macros v0.5.0
   Compiling ark-ff-asm v0.5.0
   Compiling ark-std v0.4.0
   Compiling keccak v0.1.6
   Compiling itertools v0.13.0
   Compiling base16ct v0.2.0
   Compiling zstd-safe v7.2.4
   Compiling sec1 v0.7.3
   Compiling libsecp256k1-core v0.3.0
   Compiling ark-serialize v0.4.2
   Compiling pkcs8 v0.10.2
   Compiling hashbrown v0.15.5
   Compiling futures-executor v0.3.34
   Compiling ark-ff-asm v0.4.2
   Compiling ark-ff-macros v0.4.2
   Compiling derivative v2.2.0
   Compiling solana-curve25519 v4.0.1
   Compiling hyper v1.11.0
   Compiling compression-codecs v0.4.38
   Compiling tower v0.5.3
   Compiling tokio-util v0.7.19
   Compiling async-compression v0.4.43
   Compiling tokio-rustls v0.26.4
   Compiling solana-bincode v3.1.0
   Compiling crypto-bigint v0.5.5
   Compiling aho-corasick v1.1.5
   Compiling itertools v0.10.5
   Compiling tower-http v0.6.11
   Compiling hyper-util v0.1.20
   Compiling ark-ff v0.5.0
   Compiling regex-syntax v0.8.11
   Compiling spl-discriminator-syn v0.2.1
   Compiling sha3 v0.10.9
   Compiling solana-vote-interface v6.0.3
   Compiling solana-cluster-type v3.1.0
   Compiling rfc6979 v0.4.0
   Compiling hashbrown v0.13.2
   Compiling solana-time-utils v3.0.0
   Compiling spl-discriminator-derive v0.2.0
   Compiling ark-ff v0.4.2
   Compiling elliptic-curve v0.13.8
   Compiling libsecp256k1-gen-ecmult v0.3.0
   Compiling libsecp256k1-gen-genmult v0.3.0
   Compiling solana-compute-budget v4.2.1
   Compiling solana-bls-signatures v3.3.0
   Compiling gethostname v1.1.0
   Compiling ecdsa v0.16.9
   Compiling solana-builtins-default-costs v4.2.1
   Compiling solana-compute-budget-interface v3.0.0
   Compiling solana-commitment-config v3.1.1
   Compiling solana-program-pack v3.1.0
   Compiling block-buffer v0.9.0
   Compiling crypto-mac v0.8.0
   Compiling hyper-rustls v0.27.9
   Compiling async-trait v0.1.92
   Compiling num-conv v0.2.2
   Compiling reqwest v0.12.28
   Compiling foldhash v0.2.0
   Compiling static_assertions v1.1.0
   Compiling anyhow v1.0.104
   Compiling time-core v0.1.9
   Compiling getrandom v0.1.16
   Compiling minimal-lexical v0.2.1
   Compiling time-macros v0.2.32
   Compiling k256 v0.13.4
   Compiling hmac v0.8.1
   Compiling sha2 v0.9.9
   Compiling nom v7.1.3
   Compiling solana-compute-budget-instruction v4.2.1
   Compiling libsecp256k1 v0.7.2
   Compiling spl-discriminator v0.5.2
   Compiling futures v0.3.34
   Compiling agave-transaction-view v4.2.1
   Compiling spl-generic-token v2.0.1
   Compiling solana-nonce v3.2.1
   Compiling solana-reward-info v6.2.0
   Compiling regex-automata v0.4.18
   Compiling inout v0.1.4
   Compiling solana-zero-copy v1.2.0
   Compiling openssl-src v300.6.1+3.6.3
   Compiling deranged v0.5.8
   Compiling powerfmt v0.2.0
   Compiling portable-atomic v1.15.0
   Compiling vcpkg v0.2.15
   Compiling solana-runtime-transaction v4.2.1
   Compiling cipher v0.4.4
   Compiling hmac-drbg v0.3.0
   Compiling openssl-sys v0.9.117
   Compiling core-foundation v0.10.1
   Compiling security-framework-sys v2.17.0
   Compiling arc-swap v1.9.2
   Compiling solana-inflation v3.1.1
   Compiling solana-zk-sdk-pod v0.1.2
   Compiling asn1-rs-impl v0.2.0
   Compiling asn1-rs-derive v0.6.0
   Compiling time v0.3.55
   Compiling solana-version v4.2.1
   Compiling hashbrown v0.14.5
   Compiling solana-metrics v4.2.1
   Compiling rusticata-macros v4.1.0
   Compiling solana-measure v4.2.1
   Compiling solana-zk-elgamal-proof-interface v0.1.3
   Compiling security-framework v3.7.0
   Compiling dashmap v5.5.3
   Compiling rand_core v0.5.1
   Compiling spl-type-length-value v0.9.1
   Compiling solana-keccak-hasher v3.1.0
   Compiling chacha20 v0.10.1
   Compiling solana-instructions-sysvar v3.0.1
   Compiling ark-poly v0.5.0
   Compiling solana-address-lookup-table-interface v3.1.0
   Compiling regex v1.13.1
   Compiling solana-signer-store v0.1.0
   Compiling solana-wincode-varint v1.0.0
   Compiling ark-poly v0.4.2
   Compiling universal-hash v0.5.1
   Compiling pin-project-internal v1.1.13
   Compiling memoffset v0.9.1
   Compiling quinn-udp v0.5.15
   Compiling oid-registry v0.8.1
   Compiling solana-perf v4.2.1
   Compiling solana-program-option v3.1.0
   Compiling siphasher v1.0.3
   Compiling tinyvec_macros v0.1.1
   Compiling solana-hash-512 v1.1.0
   Compiling anstyle v1.0.14
   Compiling solana-sha512-hasher v1.0.1
   Compiling fastbloom v0.17.0
   Compiling tinyvec v1.12.0
   Compiling polyval v0.6.2
   Compiling ark-ec v0.5.0
   Compiling agave-votor-messages v4.2.1
   Compiling pin-project v1.1.13
   Compiling spl-token-confidential-transfer-proof-extraction v0.6.1
   Compiling ark-ec v0.4.2
   Compiling rand v0.10.2
   Compiling asn1-rs v0.7.2
   Compiling spl-token-metadata-interface v1.0.1
   Compiling rustls-platform-verifier v0.7.0
   Compiling aes v0.8.4
   Compiling ctr v0.9.2
   Compiling spl-token-group-interface v0.7.2
   Compiling solana-secp256k1-recover v3.3.0
   Compiling solana-bls12-381-syscall v0.1.1
   Compiling solana-system-interface v2.0.0
   Compiling rand_pcg v0.10.2
   Compiling iana-time-zone v0.1.65
   Compiling solana-account v3.4.0
   Compiling solana-blake3-hasher v3.1.0
   Compiling aead v0.5.2
   Compiling qualifier_attr v0.2.2
   Compiling modular-bitfield-impl v0.13.1
   Compiling lz4-sys v1.11.1+lz4-1.10.0
   Compiling nix v0.31.3
   Compiling quinn v0.11.11
   Compiling rustc-hash v2.1.3
   Compiling openssl v0.10.81
   Compiling lru-slab v0.1.2
   Compiling foreign-types-shared v0.1.1
   Compiling fastrand v2.5.0
   Compiling foreign-types v0.3.2
   Compiling tempfile v3.27.0
   Compiling quinn-proto v0.11.17
   Compiling solana-config-interface v2.0.0
   Compiling aes-gcm-siv v0.11.1
   Compiling chrono v0.4.45
   Compiling spl-token-2022-interface v3.1.1
   Compiling der-parser v10.0.0
   Compiling modular-bitfield v0.13.1
   Compiling rand_chacha v0.2.2
   Compiling solana-nonce-account v4.1.1
   Compiling ark-bn254 v0.4.0
   Compiling solana-vote-program v4.2.1
   Compiling merlin v3.0.0
   Compiling light-poseidon v0.2.0
   Compiling solana-hard-forks v3.1.1
   Compiling ark-bn254 v0.5.0
   Compiling solana-epoch-info v3.1.0
   Compiling solana-serde v3.0.0
   Compiling enum-ordinalize v3.1.15
   Compiling openssl-macros v0.1.1
   Compiling light-poseidon v0.4.0
   Compiling solana-bn254 v3.2.1
   Compiling agave-cpu-utils v4.2.1
   Compiling memmap2 v0.9.11
   Compiling sharded-slab v0.1.7
   Compiling thread_local v1.1.10
   Compiling ieee754 v0.2.6
   Compiling mockall_derive v0.14.0
   Compiling predicates-core v1.0.10
   Compiling signature v1.6.4
   Compiling data-encoding v2.11.1
   Compiling heck v0.5.0
   Compiling ed25519 v1.5.3
   Compiling fast-math v0.1.1
   Compiling solana-bucket-map v4.2.1
   Compiling agave-xdp v4.2.1
   Compiling strum_macros v0.28.0
   Compiling educe v0.4.23
   Compiling tracing-subscriber v0.3.23
   Compiling solana-shred-version v3.0.1
   Compiling x509-parser v0.18.1
   Compiling solana-poseidon v4.0.0
   Compiling solana-syscalls v4.2.1
   Compiling solana-zk-sdk v5.0.1
   Compiling rand v0.7.3
   Compiling opentelemetry v0.17.0
   Compiling solana-bpf-loader-program v4.2.1
   Compiling spl-token-interface v3.0.0
   Compiling Inflector v0.11.4
   Compiling curve25519-dalek v3.2.0
   Compiling reqwest-middleware v0.4.2
   Compiling jsonrpc-core v18.0.0
   Compiling solana-vote v4.2.1
   Compiling zstd v0.13.3
   Compiling solana-account-decoder-client-types v4.2.1
   Compiling solana-lattice-hash v4.2.1
   Compiling xattr v1.6.1
   Compiling solana-feature-gate-interface v4.0.0
   Compiling seqlock v0.2.0
   Compiling agave-fs v4.2.1
   Compiling solana-poh-config v3.1.0
   Compiling solana-rayon-threadlimit v4.2.1
   Compiling safe_arch v0.7.4
   Compiling agave-random v4.2.1
   Compiling memmap2 v0.5.10
   Compiling filetime v0.2.29
   Compiling include_dir_macros v0.7.4
   Compiling proc-macro-error-attr2 v2.0.0
   Compiling bitmaps v3.2.1
   Compiling termtree v0.5.1
   Compiling mockall v0.14.0
   Compiling base64 v0.13.1
   Compiling libbz2-rs-sys v0.2.5
   Compiling solana-nohash-hasher v0.2.1
   Compiling proc-macro-error2 v2.0.1
   Compiling solana-accounts-db v4.2.1
   Compiling include_dir v0.7.4
   Compiling pem v1.1.1
   Compiling predicates-tree v1.0.13
   Compiling solana-genesis-config v4.0.0
   Compiling tar v0.4.46
   Compiling imbl-sized-chunks v0.1.3
   Compiling solana-leader-schedule v4.2.1
   Compiling wide v0.7.33
   Compiling solana-net-utils v4.2.1
   Compiling solana-transaction-status-client-types v4.2.1
   Compiling solana-account-decoder v4.2.1
   Compiling bzip2 v0.6.1
   Compiling solana-tls-utils v4.2.1
   Compiling ed25519-dalek v1.0.1
   Compiling solana-zk-elgamal-proof-program v4.2.1
   Compiling tracing-opentelemetry v0.17.4
   Compiling strum v0.28.0
   Compiling tokio-serde v0.8.0
   Compiling solana-merkle-tree v4.2.1
   Compiling predicates v3.1.4
   Compiling lz4 v1.28.1
   Compiling solana-cost-model v4.2.1
   Compiling solana-system-program v4.2.1
   Compiling solana-secp256k1-program v3.0.1
   Compiling tokio-util v0.6.10
   Compiling solana-compute-budget-program v4.2.1
   Compiling solana-rpc-client-types v4.2.1
   Compiling solana-zk-token-proof-program v4.2.1
   Compiling solana-loader-v4-interface v3.1.0
   Compiling solana-ed25519-program v3.0.0
   Compiling tarpc-plugins v0.12.0
   Compiling fragile v2.1.0
   Compiling rand_xoshiro v0.7.0
   Compiling humantime v2.4.0
   Compiling unwrap_none v0.1.2
   Compiling symlink v0.1.0
   Compiling histogram v0.6.9
   Compiling assert_matches v1.5.0
   Compiling clutch-liveness v0.1.0 (/Users/ember/jobs/dragons-clutch-r1-7e8f6b1-worktree.wacx0l/crates/clutch-liveness)
   Compiling downcast v0.11.0
   Compiling clutch-batch v0.1.0 (/Users/ember/jobs/dragons-clutch-r1-7e8f6b1-worktree.wacx0l/crates/clutch-batch)
   Compiling siphasher v0.3.11
   Compiling utf8parse v0.2.2
   Compiling archery v1.2.3
   Compiling solana-epoch-rewards-hasher v3.1.0
   Compiling anstyle-parse v1.0.0
   Compiling tarpc v0.29.0
   Compiling imbl v7.0.1
   Compiling solana-streamer v4.2.1
   Compiling solana-unified-scheduler-logic v4.2.1
   Compiling clutch-batch-policy-identity v0.1.0 (/Users/ember/jobs/dragons-clutch-r1-7e8f6b1-worktree.wacx0l/research/batch-policy-identity)
   Compiling solana-svm v4.2.1
   Compiling solana-builtins v4.2.1
   Compiling solana-entry v4.2.1
   Compiling aquamarine v0.6.0
   Compiling lru v0.18.2
   Compiling solana-client-traits v4.0.0
   Compiling agave-bls-cert-verify v4.2.1
   Compiling solana-fee v4.2.1
   Compiling solana-system-transaction v4.0.0
   Compiling agave-reserved-account-keys v4.2.1
   Compiling anstyle-query v1.1.5
   Compiling jiff-core v0.1.0
   Compiling clutch-bspline v0.1.0 (/Users/ember/jobs/dragons-clutch-r1-7e8f6b1-worktree.wacx0l/crates/clutch-bspline)
   Compiling solana-native-token v3.0.0
   Compiling signal-hook v0.4.4
   Compiling colorchoice v1.0.5
   Compiling is_terminal_polyfill v1.70.2
   Compiling clutch-solana-layout v0.1.0 (/Users/ember/jobs/dragons-clutch-r1-7e8f6b1-worktree.wacx0l/programs/solana-layout)
   Compiling solana-banks-interface v4.2.1
   Compiling anstream v1.0.0
   Compiling env_filter v2.0.0
   Compiling clutch-kernel v0.1.0 (/Users/ember/jobs/dragons-clutch-r1-7e8f6b1-worktree.wacx0l/crates/clutch-kernel)
   Compiling agave-snapshots v4.2.1
   Compiling clutch-accumulator v0.1.0 (/Users/ember/jobs/dragons-clutch-r1-7e8f6b1-worktree.wacx0l/crates/clutch-accumulator)
   Compiling solana-rpc-client-api v4.2.1
   Compiling clutch-bspline-accumulator v0.1.0 (/Users/ember/jobs/dragons-clutch-r1-7e8f6b1-worktree.wacx0l/crates/clutch-bspline-accumulator)
   Compiling solana-define-syscall v5.1.0 (/Users/ember/jobs/dragons-clutch-r1-7e8f6b1-worktree.wacx0l/programs/clutch-sbf/vendor/solana-define-syscall-5.1.0)
   Compiling chrono-humanize v0.2.3
   Compiling solana-rpc-client v4.2.1
   Compiling solana-program-binaries v4.2.1
   Compiling spl-memo-interface v2.1.0
   Compiling solana-banks-client v4.2.1
   Compiling jiff v0.2.35
   Compiling clutch-solana-reference v0.1.0 (/Users/ember/jobs/dragons-clutch-r1-7e8f6b1-worktree.wacx0l/programs/solana-reference)
   Compiling clutch-sbf v0.1.0 (/Users/ember/jobs/dragons-clutch-r1-7e8f6b1-worktree.wacx0l/programs/clutch-sbf/program)
   Compiling env_logger v0.11.11
   Compiling agave-logger v4.2.1
   Compiling solana-tpu-client-next v4.2.1
   Compiling clutch-sbf-svm-tests v0.1.0 (/Users/ember/jobs/dragons-clutch-r1-7e8f6b1-worktree.wacx0l/programs/clutch-sbf/svm-tests)
   Compiling solana-secp256r1-program v3.0.0
   Compiling agave-precompiles v4.2.1
   Compiling solana-runtime v4.2.1
   Compiling solana-send-transaction-service v4.2.1
   Compiling solana-banks-server v4.2.1
   Compiling solana-program-test v4.2.1
    Finished `test` profile [unoptimized + debuginfo] target(s) in 1m 21s
     Running tests/artifact_transport.rs (/Users/ember/jobs/dragons-clutch-r1-7e8f6b1-evidence/bank-target-7e8f6b1/debug/deps/artifact_transport-6d1cc64da46e0855)

running 6 tests
test every_admitted_artifact_kind_lands_as_its_exact_raw_codec ... ok
test excess_prefunds_are_donations_and_never_squatting_authority ... ok
test expired_public_abort_refunds_the_recorded_funder_not_the_reaper ... ok
test native_terms_hash_rejects_a_semantically_valid_body_with_a_stale_digest ... ok
test one_lamport_stage_and_final_prefunds_are_topped_up_by_exact_shortfalls ... ok
test terms_upload_resumes_after_bank_rehydration_and_seals_atomically ... ok

test result: ok. 6 passed; 0 failed; 0 ignored; 0 measured; 0 filtered out; finished in 0.77s

