    Finished `test` profile [unoptimized + debuginfo] target(s) in 0.49s
     Running tests/candidate_selection.rs (target/debug/deps/candidate_selection-bc0cede02c4586c9)

running 5 tests
test a_beyond_128_bit_score_tie_resolves_by_the_full_width_digest ... SubmitCandidate CU: 34102
WriteCandidateFeed (fills x4) CU: 9653
WriteCandidateFeed (slices x2) CU: 9894
SealCandidate (0 retained) CU: 44926
SubmitCandidate CU: 32592
WriteCandidateFeed (fills x4) CU: 6653
WriteCandidateFeed (slices x2) CU: 6894
SealCandidate (1 retained) CU: 45356
CompleteClearWork CU: 123431
CompleteClearWork CU: 123431
FinalizeSelection (2 verified, digest tie) CU: 39462
ok
test a_fourth_candidate_displaces_the_worst_and_supersedes_it ... SubmitCandidate CU: 34102
WriteCandidateFeed (fills x4) CU: 8153
WriteCandidateFeed (slices x2) CU: 8394
SealCandidate (0 retained) CU: 43426
SubmitCandidate CU: 32592
WriteCandidateFeed (fills x4) CU: 8153
WriteCandidateFeed (slices x2) CU: 8394
SealCandidate (1 retained) CU: 48356
SubmitCandidate CU: 34099
WriteCandidateFeed (fills x4) CU: 9653
WriteCandidateFeed (slices x2) CU: 9894
SealCandidate (2 retained) CU: 53294
CompleteClearWork CU: 127931
SubmitCandidate CU: 31105
WriteCandidateFeed (fills x4) CU: 6653
WriteCandidateFeed (slices x2) CU: 6894
SealCandidate (3 retained) CU: 64170
SealCandidate (displacing) CU: 64170
SubmitCandidate CU: 35605
WriteCandidateFeed (fills x4) CU: 6653
WriteCandidateFeed (slices x2) CU: 6894
ok
test an_empty_verified_set_lapses_honestly ... SubmitCandidate CU: 34102
WriteCandidateFeed (fills x4) CU: 8153
WriteCandidateFeed (slices x2) CU: 8394
SealCandidate (0 retained) CU: 43426
FinalizeSelection (lapse, 0 verified) CU: 20695
ok
test selection_picks_the_total_order_winner_and_excludes_the_unverified ... SubmitCandidate CU: 34102
WriteCandidateFeed (fills x4) CU: 8153
WriteCandidateFeed (slices x2) CU: 8394
SealCandidate (0 retained) CU: 43426
SubmitCandidate CU: 32592
WriteCandidateFeed (fills x4) CU: 8153
WriteCandidateFeed (slices x2) CU: 8394
SealCandidate (1 retained) CU: 48356
SubmitCandidate CU: 34099
WriteCandidateFeed (fills x4) CU: 9653
WriteCandidateFeed (slices x2) CU: 9894
SealCandidate (2 retained) CU: 53294
CompleteClearWork CU: 127931
CompleteClearWork CU: 121931
FinalizeSelection (3 retained, 2 verified) CU: 49230
ok
test tampered_digests_and_stored_regions_refuse_selection ... SubmitCandidate CU: 34102
WriteCandidateFeed (fills x4) CU: 8153
WriteCandidateFeed (slices x2) CU: 8394
SealCandidate (0 retained) CU: 43426
CompleteClearWork CU: 127931
ok

test result: ok. 5 passed; 0 failed; 0 ignored; 0 measured; 0 filtered out; finished in 2.49s

