   Compiling clutch-sbf-svm-tests v0.1.0 (/Users/ember/dev/dragons-clutch/programs/clutch-sbf/svm-tests)
    Finished `test` profile [unoptimized + debuginfo] target(s) in 2.26s
     Running tests/clear_lifecycle.rs (target/debug/deps/clear_lifecycle-b252369f205bb7fa)

running 2 tests
test a_forged_fill_is_refused_by_bank_and_host_with_one_error ... FreezeEpoch (3 pages, 40 orders) CU: 717842
pass-1 advance page 0 slot 0 max 1 (1 reservations) CU: 256869
pass-1 advance page 0 slot 1 max 3 (3 reservations) CU: 278135
pass-1 advance page 0 slot 4 max 16 (11 reservations) CU: 382439
pass-1 advance page 1 slot 0 max 2 (2 reservations) CU: 268946
pass-1 advance page 1 slot 2 max 1 (1 reservations) CU: 264564
pass-1 advance page 1 slot 3 max 3 (3 reservations) CU: 292880
pass-1 advance page 1 slot 7 max 16 (9 reservations) CU: 371839
pass-1 advance page 2 slot 0 max 2 (2 reservations) CU: 283206
pass-1 advance page 2 slot 2 max 1 (1 reservations) CU: 281650
pass-1 advance page 2 slot 4 max 3 (3 reservations) CU: 307976
pass-1 advance page 2 slot 7 max 16 (1 reservations) CU: 295938
AdvanceClearSlices (17 of 33 slices) CU: 173866
AdvanceClearSlices (rest of 33 + end_pass) CU: 173890
pass-2 advance page 0 slot 0 max 16 (0 reservations) CU: 302078
pass-2 advance page 1 slot 0 max 5 (0 reservations) CU: 269501
pass-2 advance page 1 slot 6 max 16 (0 reservations) CU: 303008
pass-2 advance page 2 slot 0 max 5 (0 reservations) CU: 283235
pass-2 advance page 2 slot 6 max 16 (0 reservations) CU: 306043
CompleteClearWork CU: 121149
ok
test the_forty_order_book_walks_to_the_host_relations_verdict ... FreezeEpoch (3 pages, 40 orders) CU: 717842
pass-1 advance page 0 slot 0 max 1 (1 reservations) CU: 256876
pass-1 advance page 0 slot 1 max 3 (3 reservations) CU: 282635
pass-1 advance page 0 slot 4 max 16 (11 reservations) CU: 385439
pass-1 advance page 1 slot 0 max 2 (2 reservations) CU: 282446
pass-1 advance page 1 slot 2 max 1 (1 reservations) CU: 266064
pass-1 advance page 1 slot 3 max 3 (3 reservations) CU: 292880
pass-1 advance page 1 slot 7 max 16 (9 reservations) CU: 376339
pass-1 advance page 2 slot 0 max 2 (2 reservations) CU: 283206
pass-1 advance page 2 slot 2 max 1 (1 reservations) CU: 287650
pass-1 advance page 2 slot 4 max 3 (3 reservations) CU: 306476
pass-1 advance page 2 slot 7 max 16 (1 reservations) CU: 297425
AdvanceClearSlices (17 of 33 slices) CU: 173866
AdvanceClearSlices (rest of 33 + end_pass) CU: 173890
pass-2 advance page 0 slot 0 max 16 (0 reservations) CU: 302067
pass-2 advance page 1 slot 0 max 5 (0 reservations) CU: 269501
pass-2 advance page 1 slot 6 max 16 (0 reservations) CU: 303008
pass-2 advance page 2 slot 0 max 5 (0 reservations) CU: 283235
pass-2 advance page 2 slot 6 max 16 (0 reservations) CU: 306027
CompleteClearWork CU: 125397
ok

test result: ok. 2 passed; 0 failed; 0 ignored; 0 measured; 0 filtered out; finished in 4.14s

