   Compiling clutch-sbf-svm-tests v0.1.0 (/Users/ember/dev/dragons-clutch/programs/clutch-sbf/svm-tests)
    Finished `test` profile [unoptimized + debuginfo] target(s) in 2.65s
     Running tests/direct_selection_v3.rs (target/debug/deps/direct_selection_v3-bca73937de24bb7a)

running 3 tests
test direct_v3_full_lifecycle_settles_exactly ... LOG Program ComputeBudget111111111111111111111111111111 invoke [1]
LOG Program ComputeBudget111111111111111111111111111111 success
LOG Program pFKLue7yrMjQKyvJcg3yyR6b9MEm6H8nUt7zPc6tDCT invoke [1]
LOG Program pFKLue7yrMjQKyvJcg3yyR6b9MEm6H8nUt7zPc6tDCT consumed 25311 of 1399850 compute units
LOG Program pFKLue7yrMjQKyvJcg3yyR6b9MEm6H8nUt7zPc6tDCT failed: custom program error: 0xb
DirectV3 CU InitDirectEpochV4: 41386
LOG Program ComputeBudget111111111111111111111111111111 invoke [1]
LOG Program ComputeBudget111111111111111111111111111111 success
LOG Program pFKLue7yrMjQKyvJcg3yyR6b9MEm6H8nUt7zPc6tDCT invoke [1]
LOG Program pFKLue7yrMjQKyvJcg3yyR6b9MEm6H8nUt7zPc6tDCT consumed 3516 of 1399850 compute units
LOG Program pFKLue7yrMjQKyvJcg3yyR6b9MEm6H8nUt7zPc6tDCT failed: custom program error: 0x1
DirectV3 CU InitOrderPageV4: 221135
LOG Program ComputeBudget111111111111111111111111111111 invoke [1]
LOG Program ComputeBudget111111111111111111111111111111 success
LOG Program pFKLue7yrMjQKyvJcg3yyR6b9MEm6H8nUt7zPc6tDCT invoke [1]
LOG Program pFKLue7yrMjQKyvJcg3yyR6b9MEm6H8nUt7zPc6tDCT consumed 136997 of 1399850 compute units
LOG Program pFKLue7yrMjQKyvJcg3yyR6b9MEm6H8nUt7zPc6tDCT failed: custom program error: 0xb
DirectV3 CU PlaceOrderV4 buy: 200388
DirectV3 CU PlaceOrderV4 sell: 199914
LOG Program ComputeBudget111111111111111111111111111111 invoke [1]
LOG Program ComputeBudget111111111111111111111111111111 success
LOG Program pFKLue7yrMjQKyvJcg3yyR6b9MEm6H8nUt7zPc6tDCT invoke [1]
LOG Program pFKLue7yrMjQKyvJcg3yyR6b9MEm6H8nUt7zPc6tDCT consumed 4507 of 1399850 compute units
LOG Program pFKLue7yrMjQKyvJcg3yyR6b9MEm6H8nUt7zPc6tDCT failed: custom program error: 0x40
LOG Program ComputeBudget111111111111111111111111111111 invoke [1]
LOG Program ComputeBudget111111111111111111111111111111 success
LOG Program pFKLue7yrMjQKyvJcg3yyR6b9MEm6H8nUt7zPc6tDCT invoke [1]
LOG Program 11111111111111111111111111111111 invoke [2]
LOG Transfer: insufficient lamports 2143680, need 2664960
LOG Program 11111111111111111111111111111111 failed: custom program error: 0x1
LOG Program pFKLue7yrMjQKyvJcg3yyR6b9MEm6H8nUt7zPc6tDCT consumed 375353 of 1399850 compute units
LOG Program pFKLue7yrMjQKyvJcg3yyR6b9MEm6H8nUt7zPc6tDCT failed: custom program error: 0x1
DirectV3 ROLLBACK FreezeDirectEpochV4 underfunded: 5 accounts byte-and-lamport identical
DirectV3 CU FreezeDirectEpochV4: 380122
LOG Program ComputeBudget111111111111111111111111111111 invoke [1]
LOG Program ComputeBudget111111111111111111111111111111 success
LOG Program pFKLue7yrMjQKyvJcg3yyR6b9MEm6H8nUt7zPc6tDCT invoke [1]
LOG Program pFKLue7yrMjQKyvJcg3yyR6b9MEm6H8nUt7zPc6tDCT consumed 5116 of 1399850 compute units
LOG Program pFKLue7yrMjQKyvJcg3yyR6b9MEm6H8nUt7zPc6tDCT failed: custom program error: 0x40
LOG Program ComputeBudget111111111111111111111111111111 invoke [1]
LOG Program ComputeBudget111111111111111111111111111111 success
LOG Program pFKLue7yrMjQKyvJcg3yyR6b9MEm6H8nUt7zPc6tDCT invoke [1]
LOG Program pFKLue7yrMjQKyvJcg3yyR6b9MEm6H8nUt7zPc6tDCT consumed 2458 of 1399850 compute units
LOG Program pFKLue7yrMjQKyvJcg3yyR6b9MEm6H8nUt7zPc6tDCT failed: custom program error: 0x4
DirectV3 CU SubmitDirectCandidateV3 price=2000: 171158
DirectV3 CU SubmitDirectCandidateV3 price=5000: 176074
LOG Program ComputeBudget111111111111111111111111111111 invoke [1]
LOG Program ComputeBudget111111111111111111111111111111 success
LOG Program pFKLue7yrMjQKyvJcg3yyR6b9MEm6H8nUt7zPc6tDCT invoke [1]
LOG Program 11111111111111111111111111111111 invoke [2]
LOG Transfer: insufficient lamports 2143680, need 4287360
LOG Program 11111111111111111111111111111111 failed: custom program error: 0x1
LOG Program pFKLue7yrMjQKyvJcg3yyR6b9MEm6H8nUt7zPc6tDCT consumed 188386 of 1399850 compute units
LOG Program pFKLue7yrMjQKyvJcg3yyR6b9MEm6H8nUt7zPc6tDCT failed: custom program error: 0x1
DirectV3 ROLLBACK SubmitDirectCandidateV3 underfunded: 4 accounts byte-and-lamport identical
DirectV3 CU SubmitDirectCandidateV3 price=4000: 194566
DirectV3 CLOSE SubmitDirectCandidateV3 displacing direct.candidate.v3.displaced: pre_close 4287361
DirectV3 CU SubmitDirectCandidateV3 price=6000 replacement: 199272
DirectV3 REFUND SubmitDirectCandidateV3 displacing direct.candidate.v3.displaced: delta -4287361
DirectV3 REFUND SubmitDirectCandidateV3 displacing direct.candidate.v3.admitted: delta 4287360
DirectV3 REFUND SubmitDirectCandidateV3 displacing submitter: delta 0
DirectV3 REFUND SubmitDirectCandidateV3 displacing neutral_sink: delta 1
DirectV3 CONSERVE SubmitDirectCandidateV3 displacing: net 0
DirectV3 CU SubmitDirectCandidateV3 price=3000 noncompetitive: 185824
LOG Program ComputeBudget111111111111111111111111111111 invoke [1]
LOG Program ComputeBudget111111111111111111111111111111 success
LOG Program pFKLue7yrMjQKyvJcg3yyR6b9MEm6H8nUt7zPc6tDCT invoke [1]
LOG Program pFKLue7yrMjQKyvJcg3yyR6b9MEm6H8nUt7zPc6tDCT consumed 7613 of 1399849 compute units
LOG Program pFKLue7yrMjQKyvJcg3yyR6b9MEm6H8nUt7zPc6tDCT failed: custom program error: 0x3
LOG Program ComputeBudget111111111111111111111111111111 invoke [1]
LOG Program ComputeBudget111111111111111111111111111111 success
LOG Program pFKLue7yrMjQKyvJcg3yyR6b9MEm6H8nUt7zPc6tDCT invoke [1]
LOG Program pFKLue7yrMjQKyvJcg3yyR6b9MEm6H8nUt7zPc6tDCT consumed 156597 of 1399848 compute units
LOG Program pFKLue7yrMjQKyvJcg3yyR6b9MEm6H8nUt7zPc6tDCT failed: custom program error: 0xd
LOG Program ComputeBudget111111111111111111111111111111 invoke [1]
LOG Program ComputeBudget111111111111111111111111111111 success
LOG Program pFKLue7yrMjQKyvJcg3yyR6b9MEm6H8nUt7zPc6tDCT invoke [1]
LOG Program pFKLue7yrMjQKyvJcg3yyR6b9MEm6H8nUt7zPc6tDCT consumed 180041 of 1399850 compute units
LOG Program pFKLue7yrMjQKyvJcg3yyR6b9MEm6H8nUt7zPc6tDCT failed: custom program error: 0xb
LOG Program ComputeBudget111111111111111111111111111111 invoke [1]
LOG Program ComputeBudget111111111111111111111111111111 success
LOG Program pFKLue7yrMjQKyvJcg3yyR6b9MEm6H8nUt7zPc6tDCT invoke [1]
LOG Program pFKLue7yrMjQKyvJcg3yyR6b9MEm6H8nUt7zPc6tDCT consumed 8007 of 1399849 compute units
LOG Program pFKLue7yrMjQKyvJcg3yyR6b9MEm6H8nUt7zPc6tDCT failed: custom program error: 0x16
DirectV3 CU SubmitDirectCandidateV3 max: 199272
LOG Program ComputeBudget111111111111111111111111111111 invoke [1]
LOG Program ComputeBudget111111111111111111111111111111 success
LOG Program pFKLue7yrMjQKyvJcg3yyR6b9MEm6H8nUt7zPc6tDCT invoke [1]
LOG Program pFKLue7yrMjQKyvJcg3yyR6b9MEm6H8nUt7zPc6tDCT consumed 13856 of 1399847 compute units
LOG Program pFKLue7yrMjQKyvJcg3yyR6b9MEm6H8nUt7zPc6tDCT failed: custom program error: 0x16
DirectV3 CU BeginDirectVerificationV3: 23692
LOG Program ComputeBudget111111111111111111111111111111 invoke [1]
LOG Program ComputeBudget111111111111111111111111111111 success
LOG Program pFKLue7yrMjQKyvJcg3yyR6b9MEm6H8nUt7zPc6tDCT invoke [1]
LOG Program pFKLue7yrMjQKyvJcg3yyR6b9MEm6H8nUt7zPc6tDCT consumed 8005 of 1399849 compute units
LOG Program pFKLue7yrMjQKyvJcg3yyR6b9MEm6H8nUt7zPc6tDCT failed: custom program error: 0x16
LOG Program ComputeBudget111111111111111111111111111111 invoke [1]
LOG Program ComputeBudget111111111111111111111111111111 success
LOG Program pFKLue7yrMjQKyvJcg3yyR6b9MEm6H8nUt7zPc6tDCT invoke [1]
LOG Program pFKLue7yrMjQKyvJcg3yyR6b9MEm6H8nUt7zPc6tDCT consumed 17907 of 1399850 compute units
LOG Program pFKLue7yrMjQKyvJcg3yyR6b9MEm6H8nUt7zPc6tDCT failed: custom program error: 0xb
DirectV3 CU VerifyDirectCandidateV3 index=0: 151464
DirectV3 CU VerifyDirectCandidateV3 index=1: 161964
DirectV3 CU VerifyDirectCandidateV3 index=2: 149964
LOG Program ComputeBudget111111111111111111111111111111 invoke [1]
LOG Program ComputeBudget111111111111111111111111111111 success
LOG Program pFKLue7yrMjQKyvJcg3yyR6b9MEm6H8nUt7zPc6tDCT invoke [1]
LOG Program pFKLue7yrMjQKyvJcg3yyR6b9MEm6H8nUt7zPc6tDCT consumed 12392 of 1399849 compute units
LOG Program pFKLue7yrMjQKyvJcg3yyR6b9MEm6H8nUt7zPc6tDCT failed: custom program error: 0xd
LOG Program ComputeBudget111111111111111111111111111111 invoke [1]
LOG Program ComputeBudget111111111111111111111111111111 success
LOG Program pFKLue7yrMjQKyvJcg3yyR6b9MEm6H8nUt7zPc6tDCT invoke [1]
LOG Program pFKLue7yrMjQKyvJcg3yyR6b9MEm6H8nUt7zPc6tDCT consumed 12392 of 1399848 compute units
LOG Program pFKLue7yrMjQKyvJcg3yyR6b9MEm6H8nUt7zPc6tDCT failed: custom program error: 0xd
LOG Program ComputeBudget111111111111111111111111111111 invoke [1]
LOG Program ComputeBudget111111111111111111111111111111 success
LOG Program pFKLue7yrMjQKyvJcg3yyR6b9MEm6H8nUt7zPc6tDCT invoke [1]
LOG Program 11111111111111111111111111111111 invoke [2]
LOG Program 11111111111111111111111111111111 success
LOG Program 11111111111111111111111111111111 invoke [2]
LOG Program 11111111111111111111111111111111 success
LOG Program 11111111111111111111111111111111 invoke [2]
LOG Program 11111111111111111111111111111111 success
LOG Program 11111111111111111111111111111111 invoke [2]
LOG Program 11111111111111111111111111111111 success
LOG Program 11111111111111111111111111111111 invoke [2]
LOG Program 11111111111111111111111111111111 success
LOG Program 11111111111111111111111111111111 invoke [2]
LOG Program 11111111111111111111111111111111 success
LOG Program pFKLue7yrMjQKyvJcg3yyR6b9MEm6H8nUt7zPc6tDCT consumed 202784 of 1399849 compute units
LOG Program pFKLue7yrMjQKyvJcg3yyR6b9MEm6H8nUt7zPc6tDCT failed: custom program error: 0xb
DirectV3 ROLLBACK FinalizeDirectSelectionV3 wrong close recipient: 4 accounts byte-and-lamport identical
DirectV3 CLOSE FinalizeDirectSelectionV3 direct.candidate.v3.loser0: pre_close 4287361
DirectV3 CLOSE FinalizeDirectSelectionV3 direct.candidate.v3.loser1: pre_close 4287361
DirectV3 CU FinalizeDirectSelectionV3: 203553
DirectV3 REFUND FinalizeDirectSelectionV3 direct.candidate.v3.loser0: delta -4287361
DirectV3 REFUND FinalizeDirectSelectionV3 direct.candidate.v3.loser1: delta -4287361
DirectV3 REFUND FinalizeDirectSelectionV3 direct.receipt: delta 2401200
DirectV3 REFUND FinalizeDirectSelectionV3 direct.final_pot: delta 2714400
DirectV3 REFUND FinalizeDirectSelectionV3 direct.work_budget.v1: delta -9000
DirectV3 REFUND FinalizeDirectSelectionV3 direct.window.v3: delta 0
DirectV3 REFUND FinalizeDirectSelectionV3 direct.epoch.v4: delta 0
DirectV3 REFUND FinalizeDirectSelectionV3 submitter: delta 8574720
DirectV3 REFUND FinalizeDirectSelectionV3 sponsor: delta 0
DirectV3 REFUND FinalizeDirectSelectionV3 keeper: delta -5106600
DirectV3 REFUND FinalizeDirectSelectionV3 neutral_sink: delta 2
DirectV3 CONSERVE FinalizeDirectSelectionV3: net 0
DirectV3 CLOSE SettleDirectV3 direct.window.v3: pre_close 5289608
DirectV3 CLOSE SettleDirectV3 direct.work_budget.v1: pre_close 2629961
DirectV3 CLOSE SettleDirectV3 direct.reservation.v2.buy: pre_close 5192161
DirectV3 CLOSE SettleDirectV3 direct.reservation.v2.sell: pre_close 5192161
DirectV3 CLOSE SettleDirectV3 direct.candidate.v3.winner: pre_close 4287361
DirectV3 CLOSE SettleDirectV3 direct.receipt: pre_close 2401201
DirectV3 CLOSE SettleDirectV3 direct.final_pot: pre_close 2714401
DirectV3 CU SettleDirectV3: 168751
DirectV3 REFUND SettleDirectV3 submitter: delta 9576960
DirectV3 REFUND SettleDirectV3 sponsor: delta 2618960
DirectV3 REFUND SettleDirectV3 keeper: delta 5126600
DirectV3 REFUND SettleDirectV3 buy_owner: delta 5192160
DirectV3 REFUND SettleDirectV3 sell_owner: delta 5192160
DirectV3 REFUND SettleDirectV3 neutral_sink: delta 14
DirectV3 CONSERVE SettleDirectV3: closed 27706854 recipients 27706854
DirectV3 STRAND SettleDirectV3 direct.epoch.v4: 5574961
DirectV3 STRAND SettleDirectV3 artifact.direct_batch_policy_v3.final: 1559040
DirectV3 STRAND SettleDirectV3 order.page: 28814401
LOG Program ComputeBudget111111111111111111111111111111 invoke [1]
LOG Program ComputeBudget111111111111111111111111111111 success
LOG Program pFKLue7yrMjQKyvJcg3yyR6b9MEm6H8nUt7zPc6tDCT invoke [1]
LOG Program pFKLue7yrMjQKyvJcg3yyR6b9MEm6H8nUt7zPc6tDCT consumed 7870 of 1399849 compute units
LOG Program pFKLue7yrMjQKyvJcg3yyR6b9MEm6H8nUt7zPc6tDCT failed: custom program error: 0x4
ok
test direct_v3_lapse_covers_every_frozen_phase ... LOG Program ComputeBudget111111111111111111111111111111 invoke [1]
LOG Program ComputeBudget111111111111111111111111111111 success
LOG Program pFKLue7yrMjQKyvJcg3yyR6b9MEm6H8nUt7zPc6tDCT invoke [1]
LOG Program pFKLue7yrMjQKyvJcg3yyR6b9MEm6H8nUt7zPc6tDCT consumed 144731 of 1399850 compute units
LOG Program pFKLue7yrMjQKyvJcg3yyR6b9MEm6H8nUt7zPc6tDCT failed: custom program error: 0x16
DirectV3 CLOSE LapseEmptyDirectV3 direct.work_budget.v1: pre_close 2664961
DirectV3 CLOSE LapseEmptyDirectV3 direct.reservation.v2.buy: pre_close 5192161
DirectV3 CLOSE LapseEmptyDirectV3 direct.reservation.v2.sell: pre_close 5192161
DirectV3 CU LapseEmptyDirectV3: 161234
DirectV3 REFUND LapseEmptyDirectV3 direct.epoch.v4: delta 0
DirectV3 REFUND LapseEmptyDirectV3 order.page: delta 0
DirectV3 REFUND LapseEmptyDirectV3 direct.window.v3: delta 0
DirectV3 REFUND LapseEmptyDirectV3 direct.work_budget.v1: delta -2664961
DirectV3 REFUND LapseEmptyDirectV3 direct.reservation.v2.buy: delta -5192161
DirectV3 REFUND LapseEmptyDirectV3 direct.reservation.v2.sell: delta -5192161
DirectV3 REFUND LapseEmptyDirectV3 submitter: delta 0
DirectV3 REFUND LapseEmptyDirectV3 sponsor: delta 2651960
DirectV3 REFUND LapseEmptyDirectV3 keeper: delta 13000
DirectV3 REFUND LapseEmptyDirectV3 buy_owner: delta 5192160
DirectV3 REFUND LapseEmptyDirectV3 sell_owner: delta 5192160
DirectV3 REFUND LapseEmptyDirectV3 neutral_sink: delta 3
DirectV3 CONSERVE LapseEmptyDirectV3: net 0
DirectV3 STRAND LapseEmptyDirectV3 direct.epoch.v4: 5574961
DirectV3 CLOSE LapseUnselectedDirectV3 direct.window.v3: pre_close 5289601
DirectV3 CLOSE LapseUnselectedDirectV3 direct.work_budget.v1: pre_close 2664961
DirectV3 CLOSE LapseUnselectedDirectV3 direct.reservation.v2.buy: pre_close 5192161
DirectV3 CLOSE LapseUnselectedDirectV3 direct.reservation.v2.sell: pre_close 5192161
DirectV3 CLOSE LapseUnselectedDirectV3 direct.candidate.v3: pre_close 4287361
DirectV3 CU LapseUnselectedDirectV3: 166315
DirectV3 REFUND LapseUnselectedDirectV3 direct.epoch.v4: delta 0
DirectV3 REFUND LapseUnselectedDirectV3 order.page: delta 0
DirectV3 REFUND LapseUnselectedDirectV3 direct.window.v3: delta -5289601
DirectV3 REFUND LapseUnselectedDirectV3 direct.work_budget.v1: delta -2664961
DirectV3 REFUND LapseUnselectedDirectV3 direct.reservation.v2.buy: delta -5192161
DirectV3 REFUND LapseUnselectedDirectV3 direct.reservation.v2.sell: delta -5192161
DirectV3 REFUND LapseUnselectedDirectV3 direct.candidate.v3: delta -4287361
DirectV3 REFUND LapseUnselectedDirectV3 submitter: delta 9576960
DirectV3 REFUND LapseUnselectedDirectV3 sponsor: delta 2651960
DirectV3 REFUND LapseUnselectedDirectV3 keeper: delta 13000
DirectV3 REFUND LapseUnselectedDirectV3 buy_owner: delta 5192160
DirectV3 REFUND LapseUnselectedDirectV3 sell_owner: delta 5192160
DirectV3 REFUND LapseUnselectedDirectV3 neutral_sink: delta 5
DirectV3 CONSERVE LapseUnselectedDirectV3: net 0
LOG Program ComputeBudget111111111111111111111111111111 invoke [1]
LOG Program ComputeBudget111111111111111111111111111111 success
LOG Program pFKLue7yrMjQKyvJcg3yyR6b9MEm6H8nUt7zPc6tDCT invoke [1]
LOG Program pFKLue7yrMjQKyvJcg3yyR6b9MEm6H8nUt7zPc6tDCT consumed 145839 of 1399850 compute units
LOG Program pFKLue7yrMjQKyvJcg3yyR6b9MEm6H8nUt7zPc6tDCT failed: custom program error: 0x16
DirectV3 CLOSE LapseSelectedDirectV3 direct.window.v3: pre_close 5289601
DirectV3 CLOSE LapseSelectedDirectV3 direct.work_budget.v1: pre_close 2643961
DirectV3 CLOSE LapseSelectedDirectV3 direct.reservation.v2.buy: pre_close 5192161
DirectV3 CLOSE LapseSelectedDirectV3 direct.reservation.v2.sell: pre_close 5192161
DirectV3 CLOSE LapseSelectedDirectV3 direct.candidate.v3: pre_close 4287361
DirectV3 CLOSE LapseSelectedDirectV3 direct.receipt: pre_close 2401201
DirectV3 CLOSE LapseSelectedDirectV3 direct.final_pot: pre_close 2714401
DirectV3 CU LapseSelectedDirectV3: 181610
DirectV3 REFUND LapseSelectedDirectV3 direct.epoch.v4: delta 0
DirectV3 REFUND LapseSelectedDirectV3 order.page: delta 0
DirectV3 REFUND LapseSelectedDirectV3 direct.window.v3: delta -5289601
DirectV3 REFUND LapseSelectedDirectV3 direct.work_budget.v1: delta -2643961
DirectV3 REFUND LapseSelectedDirectV3 direct.reservation.v2.buy: delta -5192161
DirectV3 REFUND LapseSelectedDirectV3 direct.reservation.v2.sell: delta -5192161
DirectV3 REFUND LapseSelectedDirectV3 direct.candidate.v3: delta -4287361
DirectV3 REFUND LapseSelectedDirectV3 direct.receipt: delta -2401201
DirectV3 REFUND LapseSelectedDirectV3 direct.final_pot: delta -2714401
DirectV3 REFUND LapseSelectedDirectV3 submitter: delta 9576960
DirectV3 REFUND LapseSelectedDirectV3 sponsor: delta 2630960
DirectV3 REFUND LapseSelectedDirectV3 keeper: delta 5128600
DirectV3 REFUND LapseSelectedDirectV3 buy_owner: delta 5192160
DirectV3 REFUND LapseSelectedDirectV3 sell_owner: delta 5192160
DirectV3 REFUND LapseSelectedDirectV3 neutral_sink: delta 7
DirectV3 CONSERVE LapseSelectedDirectV3: net 0
DirectV3 STRAND lapse direct.epoch.v4: 5574961
DirectV3 STRAND lapse artifact.direct_batch_policy_v3.final: 1559040
DirectV3 STRAND lapse direct.epoch.v4: 5574961
DirectV3 STRAND lapse artifact.direct_batch_policy_v3.final: 1559040
DirectV3 STRAND lapse direct.epoch.v4: 5574961
DirectV3 STRAND lapse artifact.direct_batch_policy_v3.final: 1559040
ok
test direct_v3_prefreeze_abort_releases_every_prefix ... LOG Program ComputeBudget111111111111111111111111111111 invoke [1]
LOG Program ComputeBudget111111111111111111111111111111 success
LOG Program pFKLue7yrMjQKyvJcg3yyR6b9MEm6H8nUt7zPc6tDCT invoke [1]
LOG Program pFKLue7yrMjQKyvJcg3yyR6b9MEm6H8nUt7zPc6tDCT consumed 3811 of 1399850 compute units
LOG Program pFKLue7yrMjQKyvJcg3yyR6b9MEm6H8nUt7zPc6tDCT failed: custom program error: 0x1
LOG Program ComputeBudget111111111111111111111111111111 invoke [1]
LOG Program ComputeBudget111111111111111111111111111111 success
LOG Program pFKLue7yrMjQKyvJcg3yyR6b9MEm6H8nUt7zPc6tDCT invoke [1]
LOG Program pFKLue7yrMjQKyvJcg3yyR6b9MEm6H8nUt7zPc6tDCT consumed 2630 of 1399850 compute units
LOG Program pFKLue7yrMjQKyvJcg3yyR6b9MEm6H8nUt7zPc6tDCT failed: custom program error: 0x8
LOG Program ComputeBudget111111111111111111111111111111 invoke [1]
LOG Program ComputeBudget111111111111111111111111111111 success
LOG Program pFKLue7yrMjQKyvJcg3yyR6b9MEm6H8nUt7zPc6tDCT invoke [1]
LOG Program pFKLue7yrMjQKyvJcg3yyR6b9MEm6H8nUt7zPc6tDCT consumed 7001 of 1399850 compute units
LOG Program pFKLue7yrMjQKyvJcg3yyR6b9MEm6H8nUt7zPc6tDCT failed: custom program error: 0x16
LOG Program ComputeBudget111111111111111111111111111111 invoke [1]
LOG Program ComputeBudget111111111111111111111111111111 success
LOG Program pFKLue7yrMjQKyvJcg3yyR6b9MEm6H8nUt7zPc6tDCT invoke [1]
LOG Program pFKLue7yrMjQKyvJcg3yyR6b9MEm6H8nUt7zPc6tDCT consumed 10674 of 1399850 compute units
LOG Program pFKLue7yrMjQKyvJcg3yyR6b9MEm6H8nUt7zPc6tDCT failed: custom program error: 0x16
DirectV3 CLOSE AbortUnfrozenDirectV4 empty reservation_prefix: pre_close 0
DirectV3 CU AbortUnfrozenDirectV4 empty: 10489
DirectV3 REFUND AbortUnfrozenDirectV4 empty direct.epoch.v4: delta 0
DirectV3 REFUND AbortUnfrozenDirectV4 empty order.page: delta 0
DirectV3 REFUND AbortUnfrozenDirectV4 empty direct.reservation.v2.buy: delta 0
DirectV3 REFUND AbortUnfrozenDirectV4 empty direct.reservation.v2.sell: delta 0
DirectV3 REFUND AbortUnfrozenDirectV4 empty buy_owner: delta 0
DirectV3 REFUND AbortUnfrozenDirectV4 empty sell_owner: delta 0
DirectV3 REFUND AbortUnfrozenDirectV4 empty neutral_sink: delta 0
DirectV3 CONSERVE AbortUnfrozenDirectV4 empty: net 0
LOG Program ComputeBudget111111111111111111111111111111 invoke [1]
LOG Program ComputeBudget111111111111111111111111111111 success
LOG Program pFKLue7yrMjQKyvJcg3yyR6b9MEm6H8nUt7zPc6tDCT invoke [1]
LOG Program pFKLue7yrMjQKyvJcg3yyR6b9MEm6H8nUt7zPc6tDCT consumed 7022 of 1399849 compute units
LOG Program pFKLue7yrMjQKyvJcg3yyR6b9MEm6H8nUt7zPc6tDCT failed: custom program error: 0x16
DirectV3 CLOSE AbortUnfrozenDirectV4 one direct.reservation.v2.buy: pre_close 5192161
DirectV3 CU AbortUnfrozenDirectV4 one: 146308
DirectV3 REFUND AbortUnfrozenDirectV4 one direct.epoch.v4: delta 0
DirectV3 REFUND AbortUnfrozenDirectV4 one order.page: delta 0
DirectV3 REFUND AbortUnfrozenDirectV4 one direct.reservation.v2.buy: delta -5192161
DirectV3 REFUND AbortUnfrozenDirectV4 one direct.reservation.v2.sell: delta 0
DirectV3 REFUND AbortUnfrozenDirectV4 one buy_owner: delta 5192160
DirectV3 REFUND AbortUnfrozenDirectV4 one sell_owner: delta 0
DirectV3 REFUND AbortUnfrozenDirectV4 one neutral_sink: delta 1
DirectV3 CONSERVE AbortUnfrozenDirectV4 one: net 0
LOG Program ComputeBudget111111111111111111111111111111 invoke [1]
LOG Program ComputeBudget111111111111111111111111111111 success
LOG Program pFKLue7yrMjQKyvJcg3yyR6b9MEm6H8nUt7zPc6tDCT invoke [1]
LOG Program pFKLue7yrMjQKyvJcg3yyR6b9MEm6H8nUt7zPc6tDCT consumed 144063 of 1399850 compute units
LOG Program pFKLue7yrMjQKyvJcg3yyR6b9MEm6H8nUt7zPc6tDCT failed: custom program error: 0xb
DirectV3 ROLLBACK AbortUnfrozenDirectV4 wrong close recipient: 4 accounts byte-and-lamport identical
DirectV3 CLOSE AbortUnfrozenDirectV4 two direct.reservation.v2.buy: pre_close 5192161
DirectV3 CLOSE AbortUnfrozenDirectV4 two direct.reservation.v2.sell: pre_close 5192161
DirectV3 CU AbortUnfrozenDirectV4 two: 148318
DirectV3 REFUND AbortUnfrozenDirectV4 two direct.epoch.v4: delta 0
DirectV3 REFUND AbortUnfrozenDirectV4 two order.page: delta 0
DirectV3 REFUND AbortUnfrozenDirectV4 two direct.reservation.v2.buy: delta -5192161
DirectV3 REFUND AbortUnfrozenDirectV4 two direct.reservation.v2.sell: delta -5192161
DirectV3 REFUND AbortUnfrozenDirectV4 two buy_owner: delta 5192160
DirectV3 REFUND AbortUnfrozenDirectV4 two sell_owner: delta 5192160
DirectV3 REFUND AbortUnfrozenDirectV4 two neutral_sink: delta 2
DirectV3 CONSERVE AbortUnfrozenDirectV4 two: net 0
ok

test result: ok. 3 passed; 0 failed; 0 ignored; 0 measured; 0 filtered out; finished in 1.78s

