   Compiling five8_core v1.0.0
   Compiling solana-program-error v3.0.1
   Compiling solana-sanitize v3.0.1
   Compiling solana-define-syscall v5.1.0 (/Users/ember/jobs/dragons-clutch-r1-04acf61-xpath-worktree/programs/clutch-sbf/vendor/solana-define-syscall-5.1.0)
   Compiling solana-define-syscall v4.0.1
   Compiling autocfg v1.5.1
   Compiling solana-hash v4.5.0
   Compiling clutch-batch v0.1.0 (/Users/ember/jobs/dragons-clutch-r1-04acf61-xpath-worktree/crates/clutch-batch)
   Compiling clutch-liveness v0.1.0 (/Users/ember/jobs/dragons-clutch-r1-04acf61-xpath-worktree/crates/clutch-liveness)
   Compiling clutch-bspline v0.1.0 (/Users/ember/jobs/dragons-clutch-r1-04acf61-xpath-worktree/crates/clutch-bspline)
   Compiling clutch-kernel v0.1.0 (/Users/ember/jobs/dragons-clutch-r1-04acf61-xpath-worktree/crates/clutch-kernel)
   Compiling clutch-accumulator v0.1.0 (/Users/ember/jobs/dragons-clutch-r1-04acf61-xpath-worktree/crates/clutch-accumulator)
   Compiling five8_const v1.0.0
   Compiling five8 v1.0.0
   Compiling solana-program-memory v3.1.0
   Compiling solana-sha256-hasher v3.1.0
   Compiling clutch-bspline-accumulator v0.1.0 (/Users/ember/jobs/dragons-clutch-r1-04acf61-xpath-worktree/crates/clutch-bspline-accumulator)
   Compiling solana-address v2.6.1
   Compiling solana-pubkey v4.2.0
   Compiling solana-account-info v3.1.1
   Compiling solana-sdk-ids v3.1.0
   Compiling num-traits v0.2.19
   Compiling solana-program-entrypoint v3.1.1
   Compiling clutch-batch-policy-identity v0.1.0 (/Users/ember/jobs/dragons-clutch-r1-04acf61-xpath-worktree/research/batch-policy-identity)
   Compiling solana-instruction-error v2.4.0
   Compiling clutch-solana-layout v0.1.0 (/Users/ember/jobs/dragons-clutch-r1-04acf61-xpath-worktree/programs/solana-layout)
   Compiling solana-instruction v3.4.1
   Compiling solana-stable-layout v3.0.1
   Compiling solana-cpi v3.1.0
warning: unused import: `Sha256`
  --> src/stream.rs:89:48
   |
89 |     OwnerId, PriceGridAccount, Reader, Result, Sha256, TombstoneRecord, Writer, EPOCH_PHASE_OPEN,
   |                                                ^^^^^^
   |
   = note: `#[warn(unused_imports)]` on by default

Error: Function _ZN12clutch_batch11relation_v19normalize17hcff28ef6b74151e3E overflows the maximum allowed frame space by accessing an offset 7872 bytes greater than the maximum of 4096. Please, minimize large stack variables. Estimated function frame size: 11968 bytes. Exceeding the maximum stack offset may cause undefined behavior during execution.

Error: Function _ZN12clutch_batch11relation_v111settle_cash17h472960481448ce8aE overflows the maximum allowed frame space by accessing an offset 1984 bytes greater than the maximum of 4096. Please, minimize large stack variables. Estimated function frame size: 6080 bytes. Exceeding the maximum stack offset may cause undefined behavior during execution.

Error: Function _ZN12clutch_batch11relation_v122verify_pairing_witness17h0c35e15edc957040E overflows the maximum allowed frame space by accessing an offset 7872 bytes greater than the maximum of 4096. Please, minimize large stack variables. Estimated function frame size: 11968 bytes. Exceeding the maximum stack offset may cause undefined behavior during execution.

Error: Function _ZN12clutch_batch11relation_v112verify_inner17h477a92fadaa6f6f7E overflows the maximum allowed frame space by accessing an offset 27968 bytes greater than the maximum of 4096. Please, minimize large stack variables. Estimated function frame size: 32064 bytes. Exceeding the maximum stack offset may cause undefined behavior during execution.

Error: A function call in method _ZN12clutch_batch11relation_v112verify_inner17h477a92fadaa6f6f7E overwrites values in the frame. Please, decrease stack usage or remove parameters from the call. The function call may cause undefined behavior during execution.

Error: A function call in method _ZN12clutch_batch11relation_v112verify_inner17h477a92fadaa6f6f7E overwrites values in the frame. Please, decrease stack usage or remove parameters from the call. The function call may cause undefined behavior during execution.

Error: A function call in method _ZN12clutch_batch11relation_v112verify_inner17h477a92fadaa6f6f7E overwrites values in the frame. Please, decrease stack usage or remove parameters from the call. The function call may cause undefined behavior during execution.

Error: A function call in method _ZN12clutch_batch11relation_v112verify_inner17h477a92fadaa6f6f7E overwrites values in the frame. Please, decrease stack usage or remove parameters from the call. The function call may cause undefined behavior during execution.

Error: A function call in method _ZN12clutch_batch11relation_v112verify_inner17h477a92fadaa6f6f7E overwrites values in the frame. Please, decrease stack usage or remove parameters from the call. The function call may cause undefined behavior during execution.

Error: A function call in method _ZN12clutch_batch11relation_v112verify_inner17h477a92fadaa6f6f7E overwrites values in the frame. Please, decrease stack usage or remove parameters from the call. The function call may cause undefined behavior during execution.

Error: Function _ZN12clutch_batch11relation_v119canonical_candidate17haa3c7210283de831E overflows the maximum allowed frame space by accessing an offset 40192 bytes greater than the maximum of 4096. Please, minimize large stack variables. Estimated function frame size: 44288 bytes. Exceeding the maximum stack offset may cause undefined behavior during execution.

Error: A function call in method _ZN12clutch_batch11relation_v119canonical_candidate17haa3c7210283de831E overwrites values in the frame. Please, decrease stack usage or remove parameters from the call. The function call may cause undefined behavior during execution.

Error: A function call in method _ZN12clutch_batch11relation_v119canonical_candidate17haa3c7210283de831E overwrites values in the frame. Please, decrease stack usage or remove parameters from the call. The function call may cause undefined behavior during execution.

Error: A function call in method _ZN12clutch_batch11relation_v119canonical_candidate17haa3c7210283de831E overwrites values in the frame. Please, decrease stack usage or remove parameters from the call. The function call may cause undefined behavior during execution.

Error: A function call in method _ZN12clutch_batch11relation_v119canonical_candidate17haa3c7210283de831E overwrites values in the frame. Please, decrease stack usage or remove parameters from the call. The function call may cause undefined behavior during execution.

Error: A function call in method _ZN12clutch_batch11relation_v119canonical_candidate17haa3c7210283de831E overwrites values in the frame. Please, decrease stack usage or remove parameters from the call. The function call may cause undefined behavior during execution.

Error: A function call in method _ZN12clutch_batch11relation_v119canonical_candidate17haa3c7210283de831E overwrites values in the frame. Please, decrease stack usage or remove parameters from the call. The function call may cause undefined behavior during execution.

Error: A function call in method _ZN12clutch_batch11relation_v119canonical_candidate17haa3c7210283de831E overwrites values in the frame. Please, decrease stack usage or remove parameters from the call. The function call may cause undefined behavior during execution.

Error: Function _ZN12clutch_batch11relation_v117canonical_pairing17h9a0ac3094e2b2cadE overflows the maximum allowed frame space by accessing an offset 22016 bytes greater than the maximum of 4096. Please, minimize large stack variables. Estimated function frame size: 26112 bytes. Exceeding the maximum stack offset may cause undefined behavior during execution.

Error: Function _ZN12clutch_batch11relation_v121check_explicit_slices17hb0854cb52e64842eE overflows the maximum allowed frame space by accessing an offset 4736 bytes greater than the maximum of 4096. Please, minimize large stack variables. Estimated function frame size: 8832 bytes. Exceeding the maximum stack offset may cause undefined behavior during execution.

Error: Function _ZN12clutch_batch11relation_v118propose_best_valid17hf406cae8f9d7fd09E overflows the maximum allowed frame space by accessing an offset 10240 bytes greater than the maximum of 4096. Please, minimize large stack variables. Estimated function frame size: 14336 bytes. Exceeding the maximum stack offset may cause undefined behavior during execution.

Error: A function call in method _ZN12clutch_batch11relation_v118propose_best_valid17hf406cae8f9d7fd09E overwrites values in the frame. Please, decrease stack usage or remove parameters from the call. The function call may cause undefined behavior during execution.

Error: A function call in method _ZN12clutch_batch11relation_v118propose_best_valid17hf406cae8f9d7fd09E overwrites values in the frame. Please, decrease stack usage or remove parameters from the call. The function call may cause undefined behavior during execution.

Error: Function _ZN28clutch_batch_policy_identity19direct_lifecycle_v321DirectPrefreezePageV322recomputed_page_digest17h27abdd9be6667a5fE overflows the maximum allowed frame space by accessing an offset 3776 bytes greater than the maximum of 4096. Please, minimize large stack variables. Estimated function frame size: 7872 bytes. Exceeding the maximum stack offset may cause undefined behavior during execution.

Error: Function _ZN28clutch_batch_policy_identity19direct_lifecycle_v317DirectPrefreezeV310initialize17h931bdd550fbdb571E overflows the maximum allowed frame space by accessing an offset 2560 bytes greater than the maximum of 4096. Please, minimize large stack variables. Estimated function frame size: 6656 bytes. Exceeding the maximum stack offset may cause undefined behavior during execution.

Error: Function _ZN28clutch_batch_policy_identity19direct_lifecycle_v317DirectPrefreezeV317place_reservation17h3c27dddf9ceda99fE overflows the maximum allowed frame space by accessing an offset 13760 bytes greater than the maximum of 4096. Please, minimize large stack variables. Estimated function frame size: 17856 bytes. Exceeding the maximum stack offset may cause undefined behavior during execution.

Error: A function call in method _ZN28clutch_batch_policy_identity19direct_lifecycle_v317DirectPrefreezeV317place_reservation17h3c27dddf9ceda99fE overwrites values in the frame. Please, decrease stack usage or remove parameters from the call. The function call may cause undefined behavior during execution.

Error: A function call in method _ZN28clutch_batch_policy_identity19direct_lifecycle_v317DirectPrefreezeV317place_reservation17h3c27dddf9ceda99fE overwrites values in the frame. Please, decrease stack usage or remove parameters from the call. The function call may cause undefined behavior during execution.

Error: Function _ZN28clutch_batch_policy_identity19direct_lifecycle_v317DirectPrefreezeV36freeze17hec64a6df6b9ff8f3E overflows the maximum allowed frame space by accessing an offset 24448 bytes greater than the maximum of 4096. Please, minimize large stack variables. Estimated function frame size: 28544 bytes. Exceeding the maximum stack offset may cause undefined behavior during execution.

Error: Function _ZN28clutch_batch_policy_identity19direct_lifecycle_v317DirectPrefreezeV35abort17hc34564721eae15b8E overflows the maximum allowed frame space by accessing an offset 4480 bytes greater than the maximum of 4096. Please, minimize large stack variables. Estimated function frame size: 8576 bytes. Exceeding the maximum stack offset may cause undefined behavior during execution.

Error: A function call in method _ZN28clutch_batch_policy_identity19direct_lifecycle_v317DirectPrefreezeV35abort17hc34564721eae15b8E overwrites values in the frame. Please, decrease stack usage or remove parameters from the call. The function call may cause undefined behavior during execution.

Error: A function call in method _ZN28clutch_batch_policy_identity19direct_lifecycle_v317DirectPrefreezeV35abort17hc34564721eae15b8E overwrites values in the frame. Please, decrease stack usage or remove parameters from the call. The function call may cause undefined behavior during execution.

Error: A function call in method _ZN28clutch_batch_policy_identity19direct_lifecycle_v317DirectPrefreezeV35abort17hc34564721eae15b8E overwrites values in the frame. Please, decrease stack usage or remove parameters from the call. The function call may cause undefined behavior during execution.

Error: A function call in method _ZN28clutch_batch_policy_identity19direct_lifecycle_v317DirectPrefreezeV35abort17hc34564721eae15b8E overwrites values in the frame. Please, decrease stack usage or remove parameters from the call. The function call may cause undefined behavior during execution.

Error: A function call in method _ZN28clutch_batch_policy_identity19direct_lifecycle_v317DirectPrefreezeV35abort17hc34564721eae15b8E overwrites values in the frame. Please, decrease stack usage or remove parameters from the call. The function call may cause undefined behavior during execution.

Error: Function _ZN28clutch_batch_policy_identity19direct_lifecycle_v317DirectLifecycleV35admit17hb17f675a268783baE overflows the maximum allowed frame space by accessing an offset 17408 bytes greater than the maximum of 4096. Please, minimize large stack variables. Estimated function frame size: 21504 bytes. Exceeding the maximum stack offset may cause undefined behavior during execution.

Error: A function call in method _ZN28clutch_batch_policy_identity19direct_lifecycle_v317DirectLifecycleV35admit17hb17f675a268783baE overwrites values in the frame. Please, decrease stack usage or remove parameters from the call. The function call may cause undefined behavior during execution.

Error: A function call in method _ZN28clutch_batch_policy_identity19direct_lifecycle_v317DirectLifecycleV35admit17hb17f675a268783baE overwrites values in the frame. Please, decrease stack usage or remove parameters from the call. The function call may cause undefined behavior during execution.

Error: A function call in method _ZN28clutch_batch_policy_identity19direct_lifecycle_v317DirectLifecycleV35admit17hb17f675a268783baE overwrites values in the frame. Please, decrease stack usage or remove parameters from the call. The function call may cause undefined behavior during execution.

Error: Function _ZN28clutch_batch_policy_identity19direct_lifecycle_v317DirectLifecycleV318begin_verification17hf391655795a4b260E overflows the maximum allowed frame space by accessing an offset 15808 bytes greater than the maximum of 4096. Please, minimize large stack variables. Estimated function frame size: 19904 bytes. Exceeding the maximum stack offset may cause undefined behavior during execution.

Error: Function _ZN28clutch_batch_policy_identity19direct_lifecycle_v317DirectLifecycleV316verify_candidate17hbf226e7a0828ee71E overflows the maximum allowed frame space by accessing an offset 16640 bytes greater than the maximum of 4096. Please, minimize large stack variables. Estimated function frame size: 20736 bytes. Exceeding the maximum stack offset may cause undefined behavior during execution.

Error: Function _ZN28clutch_batch_policy_identity19direct_lifecycle_v317DirectLifecycleV318finalize_selection17h80f7bddcf5ba4eefE overflows the maximum allowed frame space by accessing an offset 17088 bytes greater than the maximum of 4096. Please, minimize large stack variables. Estimated function frame size: 21184 bytes. Exceeding the maximum stack offset may cause undefined behavior during execution.

Error: A function call in method _ZN28clutch_batch_policy_identity19direct_lifecycle_v317DirectLifecycleV318finalize_selection17h80f7bddcf5ba4eefE overwrites values in the frame. Please, decrease stack usage or remove parameters from the call. The function call may cause undefined behavior during execution.

Error: A function call in method _ZN28clutch_batch_policy_identity19direct_lifecycle_v317DirectLifecycleV318finalize_selection17h80f7bddcf5ba4eefE overwrites values in the frame. Please, decrease stack usage or remove parameters from the call. The function call may cause undefined behavior during execution.

Error: A function call in method _ZN28clutch_batch_policy_identity19direct_lifecycle_v317DirectLifecycleV318finalize_selection17h80f7bddcf5ba4eefE overwrites values in the frame. Please, decrease stack usage or remove parameters from the call. The function call may cause undefined behavior during execution.

Error: A function call in method _ZN28clutch_batch_policy_identity19direct_lifecycle_v317DirectLifecycleV318finalize_selection17h80f7bddcf5ba4eefE overwrites values in the frame. Please, decrease stack usage or remove parameters from the call. The function call may cause undefined behavior during execution.

Error: A function call in method _ZN28clutch_batch_policy_identity19direct_lifecycle_v317DirectLifecycleV318finalize_selection17h80f7bddcf5ba4eefE overwrites values in the frame. Please, decrease stack usage or remove parameters from the call. The function call may cause undefined behavior during execution.

Error: A function call in method _ZN28clutch_batch_policy_identity19direct_lifecycle_v317DirectLifecycleV318finalize_selection17h80f7bddcf5ba4eefE overwrites values in the frame. Please, decrease stack usage or remove parameters from the call. The function call may cause undefined behavior during execution.

Error: Function _ZN28clutch_batch_policy_identity19direct_lifecycle_v317DirectLifecycleV330require_observations_unchanged17hd2c17aff3e22f2d7E overflows the maximum allowed frame space by accessing an offset 2880 bytes greater than the maximum of 4096. Please, minimize large stack variables. Estimated function frame size: 6976 bytes. Exceeding the maximum stack offset may cause undefined behavior during execution.

Error: Function _ZN28clutch_batch_policy_identity19direct_lifecycle_v317DirectLifecycleV315finish_terminal17h0ef47fe8a1054d12E overflows the maximum allowed frame space by accessing an offset 17408 bytes greater than the maximum of 4096. Please, minimize large stack variables. Estimated function frame size: 21504 bytes. Exceeding the maximum stack offset may cause undefined behavior during execution.

Error: A function call in method _ZN28clutch_batch_policy_identity19direct_lifecycle_v317DirectLifecycleV315finish_terminal17h0ef47fe8a1054d12E overwrites values in the frame. Please, decrease stack usage or remove parameters from the call. The function call may cause undefined behavior during execution.

Error: A function call in method _ZN28clutch_batch_policy_identity19direct_lifecycle_v317DirectLifecycleV315finish_terminal17h0ef47fe8a1054d12E overwrites values in the frame. Please, decrease stack usage or remove parameters from the call. The function call may cause undefined behavior during execution.

Error: A function call in method _ZN28clutch_batch_policy_identity19direct_lifecycle_v317DirectLifecycleV315finish_terminal17h0ef47fe8a1054d12E overwrites values in the frame. Please, decrease stack usage or remove parameters from the call. The function call may cause undefined behavior during execution.

Error: A function call in method _ZN28clutch_batch_policy_identity19direct_lifecycle_v317DirectLifecycleV315finish_terminal17h0ef47fe8a1054d12E overwrites values in the frame. Please, decrease stack usage or remove parameters from the call. The function call may cause undefined behavior during execution.

Error: A function call in method _ZN28clutch_batch_policy_identity19direct_lifecycle_v317DirectLifecycleV315finish_terminal17h0ef47fe8a1054d12E overwrites values in the frame. Please, decrease stack usage or remove parameters from the call. The function call may cause undefined behavior during execution.

Error: A function call in method _ZN28clutch_batch_policy_identity19direct_lifecycle_v317DirectLifecycleV315finish_terminal17h0ef47fe8a1054d12E overwrites values in the frame. Please, decrease stack usage or remove parameters from the call. The function call may cause undefined behavior during execution.

Error: A function call in method _ZN28clutch_batch_policy_identity19direct_lifecycle_v317DirectLifecycleV315finish_terminal17h0ef47fe8a1054d12E overwrites values in the frame. Please, decrease stack usage or remove parameters from the call. The function call may cause undefined behavior during execution.

Error: A function call in method _ZN28clutch_batch_policy_identity19direct_lifecycle_v317DirectLifecycleV315finish_terminal17h0ef47fe8a1054d12E overwrites values in the frame. Please, decrease stack usage or remove parameters from the call. The function call may cause undefined behavior during execution.

Error: A function call in method _ZN28clutch_batch_policy_identity19direct_lifecycle_v317DirectLifecycleV315finish_terminal17h0ef47fe8a1054d12E overwrites values in the frame. Please, decrease stack usage or remove parameters from the call. The function call may cause undefined behavior during execution.

Error: A function call in method _ZN28clutch_batch_policy_identity19direct_lifecycle_v317DirectLifecycleV315finish_terminal17h0ef47fe8a1054d12E overwrites values in the frame. Please, decrease stack usage or remove parameters from the call. The function call may cause undefined behavior during execution.

Error: A function call in method _ZN28clutch_batch_policy_identity19direct_lifecycle_v317DirectLifecycleV315finish_terminal17h0ef47fe8a1054d12E overwrites values in the frame. Please, decrease stack usage or remove parameters from the call. The function call may cause undefined behavior during execution.

Error: A function call in method _ZN28clutch_batch_policy_identity19direct_lifecycle_v317DirectLifecycleV315finish_terminal17h0ef47fe8a1054d12E overwrites values in the frame. Please, decrease stack usage or remove parameters from the call. The function call may cause undefined behavior during execution.

Error: A function call in method _ZN28clutch_batch_policy_identity19direct_lifecycle_v317DirectLifecycleV315finish_terminal17h0ef47fe8a1054d12E overwrites values in the frame. Please, decrease stack usage or remove parameters from the call. The function call may cause undefined behavior during execution.

Error: A function call in method _ZN28clutch_batch_policy_identity19direct_lifecycle_v317DirectLifecycleV315finish_terminal17h0ef47fe8a1054d12E overwrites values in the frame. Please, decrease stack usage or remove parameters from the call. The function call may cause undefined behavior during execution.

Error: A function call in method _ZN28clutch_batch_policy_identity19direct_lifecycle_v317DirectLifecycleV315finish_terminal17h0ef47fe8a1054d12E overwrites values in the frame. Please, decrease stack usage or remove parameters from the call. The function call may cause undefined behavior during execution.

Error: A function call in method _ZN28clutch_batch_policy_identity19direct_lifecycle_v317DirectLifecycleV315finish_terminal17h0ef47fe8a1054d12E overwrites values in the frame. Please, decrease stack usage or remove parameters from the call. The function call may cause undefined behavior during execution.

Error: A function call in method _ZN28clutch_batch_policy_identity19direct_lifecycle_v317DirectLifecycleV315finish_terminal17h0ef47fe8a1054d12E overwrites values in the frame. Please, decrease stack usage or remove parameters from the call. The function call may cause undefined behavior during execution.

Error: A function call in method _ZN28clutch_batch_policy_identity19direct_lifecycle_v317DirectLifecycleV315finish_terminal17h0ef47fe8a1054d12E overwrites values in the frame. Please, decrease stack usage or remove parameters from the call. The function call may cause undefined behavior during execution.

Error: A function call in method _ZN28clutch_batch_policy_identity19direct_lifecycle_v317DirectLifecycleV315finish_terminal17h0ef47fe8a1054d12E overwrites values in the frame. Please, decrease stack usage or remove parameters from the call. The function call may cause undefined behavior during execution.

Error: A function call in method _ZN28clutch_batch_policy_identity19direct_lifecycle_v317DirectLifecycleV315finish_terminal17h0ef47fe8a1054d12E overwrites values in the frame. Please, decrease stack usage or remove parameters from the call. The function call may cause undefined behavior during execution.

Error: A function call in method _ZN28clutch_batch_policy_identity19direct_lifecycle_v317DirectLifecycleV315finish_terminal17h0ef47fe8a1054d12E overwrites values in the frame. Please, decrease stack usage or remove parameters from the call. The function call may cause undefined behavior during execution.

Error: A function call in method _ZN28clutch_batch_policy_identity19direct_lifecycle_v317DirectLifecycleV315finish_terminal17h0ef47fe8a1054d12E overwrites values in the frame. Please, decrease stack usage or remove parameters from the call. The function call may cause undefined behavior during execution.

Error: A function call in method _ZN28clutch_batch_policy_identity19direct_lifecycle_v317DirectLifecycleV315finish_terminal17h0ef47fe8a1054d12E overwrites values in the frame. Please, decrease stack usage or remove parameters from the call. The function call may cause undefined behavior during execution.

Error: A function call in method _ZN28clutch_batch_policy_identity19direct_lifecycle_v317DirectLifecycleV315finish_terminal17h0ef47fe8a1054d12E overwrites values in the frame. Please, decrease stack usage or remove parameters from the call. The function call may cause undefined behavior during execution.

Error: A function call in method _ZN28clutch_batch_policy_identity19direct_lifecycle_v317DirectLifecycleV315finish_terminal17h0ef47fe8a1054d12E overwrites values in the frame. Please, decrease stack usage or remove parameters from the call. The function call may cause undefined behavior during execution.

Error: A function call in method _ZN28clutch_batch_policy_identity19direct_lifecycle_v317DirectLifecycleV315finish_terminal17h0ef47fe8a1054d12E overwrites values in the frame. Please, decrease stack usage or remove parameters from the call. The function call may cause undefined behavior during execution.

Error: A function call in method _ZN28clutch_batch_policy_identity19direct_lifecycle_v317DirectLifecycleV315finish_terminal17h0ef47fe8a1054d12E overwrites values in the frame. Please, decrease stack usage or remove parameters from the call. The function call may cause undefined behavior during execution.

Error: A function call in method _ZN28clutch_batch_policy_identity19direct_lifecycle_v317DirectLifecycleV315finish_terminal17h0ef47fe8a1054d12E overwrites values in the frame. Please, decrease stack usage or remove parameters from the call. The function call may cause undefined behavior during execution.

Error: A function call in method _ZN28clutch_batch_policy_identity19direct_lifecycle_v317DirectLifecycleV315finish_terminal17h0ef47fe8a1054d12E overwrites values in the frame. Please, decrease stack usage or remove parameters from the call. The function call may cause undefined behavior during execution.

Error: Function _ZN28clutch_batch_policy_identity30full_relation_candidate_digest17h575612a455b4057dE overflows the maximum allowed frame space by accessing an offset 8128 bytes greater than the maximum of 4096. Please, minimize large stack variables. Estimated function frame size: 12224 bytes. Exceeding the maximum stack offset may cause undefined behavior during execution.

Error: Function _ZN28clutch_batch_policy_identity9recompute17h3611a394ce61cc51E overflows the maximum allowed frame space by accessing an offset 128 bytes greater than the maximum of 4096. Please, minimize large stack variables. Estimated function frame size: 4224 bytes. Exceeding the maximum stack offset may cause undefined behavior during execution.

   Compiling clutch-solana-reference v0.1.0 (/Users/ember/jobs/dragons-clutch-r1-04acf61-xpath-worktree/programs/solana-reference)
Error: Function _ZN23clutch_solana_reference20validate_market_init17h56e2cb69e918bf53E overflows the maximum allowed frame space by accessing an offset 5376 bytes greater than the maximum of 4096. Please, minimize large stack variables. Estimated function frame size: 9472 bytes. Exceeding the maximum stack offset may cause undefined behavior during execution.

Error: Function _ZN23clutch_solana_reference22validate_position_init17h6a99cb267e0d655eE overflows the maximum allowed frame space by accessing an offset 4672 bytes greater than the maximum of 4096. Please, minimize large stack variables. Estimated function frame size: 8768 bytes. Exceeding the maximum stack offset may cause undefined behavior during execution.

Error: Function _ZN23clutch_solana_reference12DecodedState6decode17ha5edacf2d38f0237E overflows the maximum allowed frame space by accessing an offset 1920 bytes greater than the maximum of 4096. Please, minimize large stack variables. Estimated function frame size: 6016 bytes. Exceeding the maximum stack offset may cause undefined behavior during execution.

Error: Function _ZN23clutch_solana_reference37apply_market_resolution_with_evidence17he56f74f4c7e3bc66E overflows the maximum allowed frame space by accessing an offset 4928 bytes greater than the maximum of 4096. Please, minimize large stack variables. Estimated function frame size: 9024 bytes. Exceeding the maximum stack offset may cause undefined behavior during execution.

Error: Function _ZN23clutch_solana_reference11apply_inner17h5c0a3b5a613e94c3E overflows the maximum allowed frame space by accessing an offset 4096 bytes greater than the maximum of 4096. Please, minimize large stack variables. Estimated function frame size: 8192 bytes. Exceeding the maximum stack offset may cause undefined behavior during execution.

Error: Function _ZN20clutch_solana_layout16OrderPageAccount6decode17hf2d8451a57ab0e74E overflows the maximum allowed frame space by accessing an offset 4800 bytes greater than the maximum of 4096. Please, minimize large stack variables. Estimated function frame size: 8896 bytes. Exceeding the maximum stack offset may cause undefined behavior during execution.

Error: Function _ZN20clutch_solana_layout16OrderPageAccount14decode_on_grid17h6d4e53695fc78968E overflows the maximum allowed frame space by accessing an offset 4480 bytes greater than the maximum of 4096. Please, minimize large stack variables. Estimated function frame size: 8576 bytes. Exceeding the maximum stack offset may cause undefined behavior during execution.

warning: `clutch-solana-layout` (lib) generated 1 warning (run `cargo fix --lib -p clutch-solana-layout` to apply 1 suggestion)
   Compiling clutch-sbf v0.1.0 (/Users/ember/jobs/dragons-clutch-r1-04acf61-xpath-worktree/programs/clutch-sbf/program)
    Finished `release` profile [optimized] target(s) in 8.81s
