   Compiling version_check v0.9.5
   Compiling five8_core v1.0.0
   Compiling solana-program-error v3.0.1
   Compiling typenum v1.20.1
   Compiling solana-define-syscall v5.1.0 (/Users/ember/jobs/dragons-clutch-r1-7e8f6b1-worktree.wacx0l/programs/clutch-sbf/vendor/solana-define-syscall-5.1.0)
   Compiling solana-sanitize v3.0.1
   Compiling autocfg v1.5.1
   Compiling solana-define-syscall v4.0.1
   Compiling cfg-if v1.0.4
   Compiling solana-hash v4.5.0
   Compiling clutch-batch v0.1.0 (/Users/ember/jobs/dragons-clutch-r1-7e8f6b1-worktree.wacx0l/crates/clutch-batch)
   Compiling clutch-liveness v0.1.0 (/Users/ember/jobs/dragons-clutch-r1-7e8f6b1-worktree.wacx0l/crates/clutch-liveness)
   Compiling five8_const v1.0.0
   Compiling five8 v1.0.0
   Compiling solana-program-memory v3.1.0
   Compiling solana-sha256-hasher v3.1.0
   Compiling clutch-bspline v0.1.0 (/Users/ember/jobs/dragons-clutch-r1-7e8f6b1-worktree.wacx0l/crates/clutch-bspline)
   Compiling clutch-accumulator v0.1.0 (/Users/ember/jobs/dragons-clutch-r1-7e8f6b1-worktree.wacx0l/crates/clutch-accumulator)
   Compiling clutch-kernel v0.1.0 (/Users/ember/jobs/dragons-clutch-r1-7e8f6b1-worktree.wacx0l/crates/clutch-kernel)
   Compiling solana-address v2.6.1
   Compiling clutch-bspline-accumulator v0.1.0 (/Users/ember/jobs/dragons-clutch-r1-7e8f6b1-worktree.wacx0l/crates/clutch-bspline-accumulator)
   Compiling generic-array v0.14.7
   Compiling solana-pubkey v4.2.0
   Compiling solana-account-info v3.1.1
   Compiling num-traits v0.2.19
   Compiling solana-sdk-ids v3.1.0
   Compiling solana-program-entrypoint v3.1.1
   Compiling solana-instruction-error v2.4.0
   Compiling block-buffer v0.10.4
   Compiling crypto-common v0.1.7
   Compiling solana-instruction v3.4.1
   Compiling digest v0.10.7
   Compiling solana-stable-layout v3.0.1
   Compiling solana-cpi v3.1.0
   Compiling sha2 v0.10.9
   Compiling clutch-batch-policy-identity v0.1.0 (/Users/ember/jobs/dragons-clutch-r1-7e8f6b1-worktree.wacx0l/research/batch-policy-identity)
Error: Function _ZN12clutch_batch11relation_v19normalize17h52c5a76abf28143aE overflows the maximum allowed frame space by accessing an offset 8064 bytes greater than the maximum of 4096. Please, minimize large stack variables. Estimated function frame size: 12160 bytes. Exceeding the maximum stack offset may cause undefined behavior during execution.

Error: Function _ZN12clutch_batch11relation_v124participation_from_fills17h7d27eb9c2ea160afE overflows the maximum allowed frame space by accessing an offset 20608 bytes greater than the maximum of 4096. Please, minimize large stack variables. Estimated function frame size: 24704 bytes. Exceeding the maximum stack offset may cause undefined behavior during execution.

Error: Function _ZN12clutch_batch11relation_v111settle_cash17h2680896836752ae1E overflows the maximum allowed frame space by accessing an offset 1984 bytes greater than the maximum of 4096. Please, minimize large stack variables. Estimated function frame size: 6080 bytes. Exceeding the maximum stack offset may cause undefined behavior during execution.

Error: Function _ZN12clutch_batch11relation_v122verify_pairing_witness17h9e01e4312f68e053E overflows the maximum allowed frame space by accessing an offset 19776 bytes greater than the maximum of 4096. Please, minimize large stack variables. Estimated function frame size: 23872 bytes. Exceeding the maximum stack offset may cause undefined behavior during execution.

Error: Function _ZN12clutch_batch11relation_v112verify_inner17h501167c0cc52acadE overflows the maximum allowed frame space by accessing an offset 35008 bytes greater than the maximum of 4096. Please, minimize large stack variables. Estimated function frame size: 39104 bytes. Exceeding the maximum stack offset may cause undefined behavior during execution.

Error: A function call in method _ZN12clutch_batch11relation_v112verify_inner17h501167c0cc52acadE overwrites values in the frame. Please, decrease stack usage or remove parameters from the call. The function call may cause undefined behavior during execution.

Error: A function call in method _ZN12clutch_batch11relation_v112verify_inner17h501167c0cc52acadE overwrites values in the frame. Please, decrease stack usage or remove parameters from the call. The function call may cause undefined behavior during execution.

Error: A function call in method _ZN12clutch_batch11relation_v112verify_inner17h501167c0cc52acadE overwrites values in the frame. Please, decrease stack usage or remove parameters from the call. The function call may cause undefined behavior during execution.

Error: A function call in method _ZN12clutch_batch11relation_v112verify_inner17h501167c0cc52acadE overwrites values in the frame. Please, decrease stack usage or remove parameters from the call. The function call may cause undefined behavior during execution.

Error: A function call in method _ZN12clutch_batch11relation_v112verify_inner17h501167c0cc52acadE overwrites values in the frame. Please, decrease stack usage or remove parameters from the call. The function call may cause undefined behavior during execution.

Error: A function call in method _ZN12clutch_batch11relation_v112verify_inner17h501167c0cc52acadE overwrites values in the frame. Please, decrease stack usage or remove parameters from the call. The function call may cause undefined behavior during execution.

Error: Function _ZN12clutch_batch11relation_v119canonical_candidate17hd5982d68c12cdad7E overflows the maximum allowed frame space by accessing an offset 41728 bytes greater than the maximum of 4096. Please, minimize large stack variables. Estimated function frame size: 45824 bytes. Exceeding the maximum stack offset may cause undefined behavior during execution.

Error: A function call in method _ZN12clutch_batch11relation_v119canonical_candidate17hd5982d68c12cdad7E overwrites values in the frame. Please, decrease stack usage or remove parameters from the call. The function call may cause undefined behavior during execution.

Error: A function call in method _ZN12clutch_batch11relation_v119canonical_candidate17hd5982d68c12cdad7E overwrites values in the frame. Please, decrease stack usage or remove parameters from the call. The function call may cause undefined behavior during execution.

Error: A function call in method _ZN12clutch_batch11relation_v119canonical_candidate17hd5982d68c12cdad7E overwrites values in the frame. Please, decrease stack usage or remove parameters from the call. The function call may cause undefined behavior during execution.

Error: A function call in method _ZN12clutch_batch11relation_v119canonical_candidate17hd5982d68c12cdad7E overwrites values in the frame. Please, decrease stack usage or remove parameters from the call. The function call may cause undefined behavior during execution.

Error: A function call in method _ZN12clutch_batch11relation_v119canonical_candidate17hd5982d68c12cdad7E overwrites values in the frame. Please, decrease stack usage or remove parameters from the call. The function call may cause undefined behavior during execution.

Error: A function call in method _ZN12clutch_batch11relation_v119canonical_candidate17hd5982d68c12cdad7E overwrites values in the frame. Please, decrease stack usage or remove parameters from the call. The function call may cause undefined behavior during execution.

Error: A function call in method _ZN12clutch_batch11relation_v119canonical_candidate17hd5982d68c12cdad7E overwrites values in the frame. Please, decrease stack usage or remove parameters from the call. The function call may cause undefined behavior during execution.

Error: Function _ZN12clutch_batch11relation_v117canonical_pairing17h6de16623b70cde59E overflows the maximum allowed frame space by accessing an offset 33920 bytes greater than the maximum of 4096. Please, minimize large stack variables. Estimated function frame size: 38016 bytes. Exceeding the maximum stack offset may cause undefined behavior during execution.

Error: Function _ZN12clutch_batch11relation_v121check_explicit_slices17h7a7f94882065127aE overflows the maximum allowed frame space by accessing an offset 4736 bytes greater than the maximum of 4096. Please, minimize large stack variables. Estimated function frame size: 8832 bytes. Exceeding the maximum stack offset may cause undefined behavior during execution.

Error: Function _ZN12clutch_batch11relation_v118propose_best_valid17hce437943b601a52aE overflows the maximum allowed frame space by accessing an offset 21376 bytes greater than the maximum of 4096. Please, minimize large stack variables. Estimated function frame size: 25472 bytes. Exceeding the maximum stack offset may cause undefined behavior during execution.

Error: A function call in method _ZN12clutch_batch11relation_v118propose_best_valid17hce437943b601a52aE overwrites values in the frame. Please, decrease stack usage or remove parameters from the call. The function call may cause undefined behavior during execution.

Error: A function call in method _ZN12clutch_batch11relation_v118propose_best_valid17hce437943b601a52aE overwrites values in the frame. Please, decrease stack usage or remove parameters from the call. The function call may cause undefined behavior during execution.

   Compiling clutch-solana-layout v0.1.0 (/Users/ember/jobs/dragons-clutch-r1-7e8f6b1-worktree.wacx0l/programs/solana-layout)
warning: unused import: `Sha256`
  --> src/stream.rs:89:48
   |
89 |     OwnerId, PriceGridAccount, Reader, Result, Sha256, TombstoneRecord, Writer, EPOCH_PHASE_OPEN,
   |                                                ^^^^^^
   |
   = note: `#[warn(unused_imports)]` on by default

Error: Function _ZN28clutch_batch_policy_identity19direct_lifecycle_v317DirectLifecycleV317initialize_frozen17hb4e3b5826a0a91f2E overflows the maximum allowed frame space by accessing an offset 2048 bytes greater than the maximum of 4096. Please, minimize large stack variables. Estimated function frame size: 6144 bytes. Exceeding the maximum stack offset may cause undefined behavior during execution.

Error: Function _ZN28clutch_batch_policy_identity19direct_lifecycle_v317DirectLifecycleV35admit17h1b31cb05a9205a69E overflows the maximum allowed frame space by accessing an offset 2752 bytes greater than the maximum of 4096. Please, minimize large stack variables. Estimated function frame size: 6848 bytes. Exceeding the maximum stack offset may cause undefined behavior during execution.

Error: A function call in method _ZN28clutch_batch_policy_identity19direct_lifecycle_v317DirectLifecycleV35admit17h1b31cb05a9205a69E overwrites values in the frame. Please, decrease stack usage or remove parameters from the call. The function call may cause undefined behavior during execution.

Error: A function call in method _ZN28clutch_batch_policy_identity19direct_lifecycle_v317DirectLifecycleV35admit17h1b31cb05a9205a69E overwrites values in the frame. Please, decrease stack usage or remove parameters from the call. The function call may cause undefined behavior during execution.

Error: A function call in method _ZN28clutch_batch_policy_identity19direct_lifecycle_v317DirectLifecycleV35admit17h1b31cb05a9205a69E overwrites values in the frame. Please, decrease stack usage or remove parameters from the call. The function call may cause undefined behavior during execution.

Error: Function _ZN28clutch_batch_policy_identity19direct_lifecycle_v317DirectLifecycleV318begin_verification17hb1e2957ce9d25b32E overflows the maximum allowed frame space by accessing an offset 1408 bytes greater than the maximum of 4096. Please, minimize large stack variables. Estimated function frame size: 5504 bytes. Exceeding the maximum stack offset may cause undefined behavior during execution.

Error: Function _ZN28clutch_batch_policy_identity19direct_lifecycle_v317DirectLifecycleV316verify_candidate17h226e44733370e55bE overflows the maximum allowed frame space by accessing an offset 1472 bytes greater than the maximum of 4096. Please, minimize large stack variables. Estimated function frame size: 5568 bytes. Exceeding the maximum stack offset may cause undefined behavior during execution.

Error: Function _ZN28clutch_batch_policy_identity19direct_lifecycle_v317DirectLifecycleV318finalize_selection17hc5639641473b458bE overflows the maximum allowed frame space by accessing an offset 2688 bytes greater than the maximum of 4096. Please, minimize large stack variables. Estimated function frame size: 6784 bytes. Exceeding the maximum stack offset may cause undefined behavior during execution.

Error: A function call in method _ZN28clutch_batch_policy_identity19direct_lifecycle_v317DirectLifecycleV318finalize_selection17hc5639641473b458bE overwrites values in the frame. Please, decrease stack usage or remove parameters from the call. The function call may cause undefined behavior during execution.

Error: A function call in method _ZN28clutch_batch_policy_identity19direct_lifecycle_v317DirectLifecycleV318finalize_selection17hc5639641473b458bE overwrites values in the frame. Please, decrease stack usage or remove parameters from the call. The function call may cause undefined behavior during execution.

Error: A function call in method _ZN28clutch_batch_policy_identity19direct_lifecycle_v317DirectLifecycleV318finalize_selection17hc5639641473b458bE overwrites values in the frame. Please, decrease stack usage or remove parameters from the call. The function call may cause undefined behavior during execution.

Error: A function call in method _ZN28clutch_batch_policy_identity19direct_lifecycle_v317DirectLifecycleV318finalize_selection17hc5639641473b458bE overwrites values in the frame. Please, decrease stack usage or remove parameters from the call. The function call may cause undefined behavior during execution.

Error: A function call in method _ZN28clutch_batch_policy_identity19direct_lifecycle_v317DirectLifecycleV318finalize_selection17hc5639641473b458bE overwrites values in the frame. Please, decrease stack usage or remove parameters from the call. The function call may cause undefined behavior during execution.

Error: A function call in method _ZN28clutch_batch_policy_identity19direct_lifecycle_v317DirectLifecycleV318finalize_selection17hc5639641473b458bE overwrites values in the frame. Please, decrease stack usage or remove parameters from the call. The function call may cause undefined behavior during execution.

Error: Function _ZN28clutch_batch_policy_identity19direct_lifecycle_v317DirectLifecycleV315finish_terminal17hc49d8a1f06ffce5eE overflows the maximum allowed frame space by accessing an offset 2496 bytes greater than the maximum of 4096. Please, minimize large stack variables. Estimated function frame size: 6592 bytes. Exceeding the maximum stack offset may cause undefined behavior during execution.

Error: A function call in method _ZN28clutch_batch_policy_identity19direct_lifecycle_v317DirectLifecycleV315finish_terminal17hc49d8a1f06ffce5eE overwrites values in the frame. Please, decrease stack usage or remove parameters from the call. The function call may cause undefined behavior during execution.

Error: A function call in method _ZN28clutch_batch_policy_identity19direct_lifecycle_v317DirectLifecycleV315finish_terminal17hc49d8a1f06ffce5eE overwrites values in the frame. Please, decrease stack usage or remove parameters from the call. The function call may cause undefined behavior during execution.

Error: A function call in method _ZN28clutch_batch_policy_identity19direct_lifecycle_v317DirectLifecycleV315finish_terminal17hc49d8a1f06ffce5eE overwrites values in the frame. Please, decrease stack usage or remove parameters from the call. The function call may cause undefined behavior during execution.

Error: A function call in method _ZN28clutch_batch_policy_identity19direct_lifecycle_v317DirectLifecycleV315finish_terminal17hc49d8a1f06ffce5eE overwrites values in the frame. Please, decrease stack usage or remove parameters from the call. The function call may cause undefined behavior during execution.

Error: A function call in method _ZN28clutch_batch_policy_identity19direct_lifecycle_v317DirectLifecycleV315finish_terminal17hc49d8a1f06ffce5eE overwrites values in the frame. Please, decrease stack usage or remove parameters from the call. The function call may cause undefined behavior during execution.

Error: A function call in method _ZN28clutch_batch_policy_identity19direct_lifecycle_v317DirectLifecycleV315finish_terminal17hc49d8a1f06ffce5eE overwrites values in the frame. Please, decrease stack usage or remove parameters from the call. The function call may cause undefined behavior during execution.

Error: A function call in method _ZN28clutch_batch_policy_identity19direct_lifecycle_v317DirectLifecycleV315finish_terminal17hc49d8a1f06ffce5eE overwrites values in the frame. Please, decrease stack usage or remove parameters from the call. The function call may cause undefined behavior during execution.

Error: A function call in method _ZN28clutch_batch_policy_identity19direct_lifecycle_v317DirectLifecycleV315finish_terminal17hc49d8a1f06ffce5eE overwrites values in the frame. Please, decrease stack usage or remove parameters from the call. The function call may cause undefined behavior during execution.

Error: A function call in method _ZN28clutch_batch_policy_identity19direct_lifecycle_v317DirectLifecycleV315finish_terminal17hc49d8a1f06ffce5eE overwrites values in the frame. Please, decrease stack usage or remove parameters from the call. The function call may cause undefined behavior during execution.

Error: A function call in method _ZN28clutch_batch_policy_identity19direct_lifecycle_v317DirectLifecycleV315finish_terminal17hc49d8a1f06ffce5eE overwrites values in the frame. Please, decrease stack usage or remove parameters from the call. The function call may cause undefined behavior during execution.

Error: A function call in method _ZN28clutch_batch_policy_identity19direct_lifecycle_v317DirectLifecycleV315finish_terminal17hc49d8a1f06ffce5eE overwrites values in the frame. Please, decrease stack usage or remove parameters from the call. The function call may cause undefined behavior during execution.

Error: A function call in method _ZN28clutch_batch_policy_identity19direct_lifecycle_v317DirectLifecycleV315finish_terminal17hc49d8a1f06ffce5eE overwrites values in the frame. Please, decrease stack usage or remove parameters from the call. The function call may cause undefined behavior during execution.

Error: A function call in method _ZN28clutch_batch_policy_identity19direct_lifecycle_v317DirectLifecycleV315finish_terminal17hc49d8a1f06ffce5eE overwrites values in the frame. Please, decrease stack usage or remove parameters from the call. The function call may cause undefined behavior during execution.

Error: A function call in method _ZN28clutch_batch_policy_identity19direct_lifecycle_v317DirectLifecycleV315finish_terminal17hc49d8a1f06ffce5eE overwrites values in the frame. Please, decrease stack usage or remove parameters from the call. The function call may cause undefined behavior during execution.

Error: A function call in method _ZN28clutch_batch_policy_identity19direct_lifecycle_v317DirectLifecycleV315finish_terminal17hc49d8a1f06ffce5eE overwrites values in the frame. Please, decrease stack usage or remove parameters from the call. The function call may cause undefined behavior during execution.

Error: A function call in method _ZN28clutch_batch_policy_identity19direct_lifecycle_v317DirectLifecycleV315finish_terminal17hc49d8a1f06ffce5eE overwrites values in the frame. Please, decrease stack usage or remove parameters from the call. The function call may cause undefined behavior during execution.

Error: A function call in method _ZN28clutch_batch_policy_identity19direct_lifecycle_v317DirectLifecycleV315finish_terminal17hc49d8a1f06ffce5eE overwrites values in the frame. Please, decrease stack usage or remove parameters from the call. The function call may cause undefined behavior during execution.

Error: A function call in method _ZN28clutch_batch_policy_identity19direct_lifecycle_v317DirectLifecycleV315finish_terminal17hc49d8a1f06ffce5eE overwrites values in the frame. Please, decrease stack usage or remove parameters from the call. The function call may cause undefined behavior during execution.

Error: A function call in method _ZN28clutch_batch_policy_identity19direct_lifecycle_v317DirectLifecycleV315finish_terminal17hc49d8a1f06ffce5eE overwrites values in the frame. Please, decrease stack usage or remove parameters from the call. The function call may cause undefined behavior during execution.

Error: A function call in method _ZN28clutch_batch_policy_identity19direct_lifecycle_v317DirectLifecycleV315finish_terminal17hc49d8a1f06ffce5eE overwrites values in the frame. Please, decrease stack usage or remove parameters from the call. The function call may cause undefined behavior during execution.

Error: A function call in method _ZN28clutch_batch_policy_identity19direct_lifecycle_v317DirectLifecycleV315finish_terminal17hc49d8a1f06ffce5eE overwrites values in the frame. Please, decrease stack usage or remove parameters from the call. The function call may cause undefined behavior during execution.

Error: A function call in method _ZN28clutch_batch_policy_identity19direct_lifecycle_v317DirectLifecycleV315finish_terminal17hc49d8a1f06ffce5eE overwrites values in the frame. Please, decrease stack usage or remove parameters from the call. The function call may cause undefined behavior during execution.

Error: A function call in method _ZN28clutch_batch_policy_identity19direct_lifecycle_v317DirectLifecycleV315finish_terminal17hc49d8a1f06ffce5eE overwrites values in the frame. Please, decrease stack usage or remove parameters from the call. The function call may cause undefined behavior during execution.

Error: A function call in method _ZN28clutch_batch_policy_identity19direct_lifecycle_v317DirectLifecycleV315finish_terminal17hc49d8a1f06ffce5eE overwrites values in the frame. Please, decrease stack usage or remove parameters from the call. The function call may cause undefined behavior during execution.

Error: A function call in method _ZN28clutch_batch_policy_identity19direct_lifecycle_v317DirectLifecycleV315finish_terminal17hc49d8a1f06ffce5eE overwrites values in the frame. Please, decrease stack usage or remove parameters from the call. The function call may cause undefined behavior during execution.

Error: A function call in method _ZN28clutch_batch_policy_identity19direct_lifecycle_v317DirectLifecycleV315finish_terminal17hc49d8a1f06ffce5eE overwrites values in the frame. Please, decrease stack usage or remove parameters from the call. The function call may cause undefined behavior during execution.

Error: A function call in method _ZN28clutch_batch_policy_identity19direct_lifecycle_v317DirectLifecycleV315finish_terminal17hc49d8a1f06ffce5eE overwrites values in the frame. Please, decrease stack usage or remove parameters from the call. The function call may cause undefined behavior during execution.

Error: Function _ZN28clutch_batch_policy_identity9recompute17h0a72df1fefb16450E overflows the maximum allowed frame space by accessing an offset 64 bytes greater than the maximum of 4096. Please, minimize large stack variables. Estimated function frame size: 4160 bytes. Exceeding the maximum stack offset may cause undefined behavior during execution.

   Compiling clutch-solana-reference v0.1.0 (/Users/ember/jobs/dragons-clutch-r1-7e8f6b1-worktree.wacx0l/programs/solana-reference)
Error: Function _ZN23clutch_solana_reference20validate_market_init17h9017f449f1e6f09dE overflows the maximum allowed frame space by accessing an offset 10560 bytes greater than the maximum of 4096. Please, minimize large stack variables. Estimated function frame size: 14656 bytes. Exceeding the maximum stack offset may cause undefined behavior during execution.

Error: Function _ZN23clutch_solana_reference22validate_position_init17h59f0e299fb1c77a7E overflows the maximum allowed frame space by accessing an offset 4672 bytes greater than the maximum of 4096. Please, minimize large stack variables. Estimated function frame size: 8768 bytes. Exceeding the maximum stack offset may cause undefined behavior during execution.

Error: Function _ZN23clutch_solana_reference12DecodedState6decode17h03821b7434345ed2E overflows the maximum allowed frame space by accessing an offset 1920 bytes greater than the maximum of 4096. Please, minimize large stack variables. Estimated function frame size: 6016 bytes. Exceeding the maximum stack offset may cause undefined behavior during execution.

Error: Function _ZN23clutch_solana_reference37apply_market_resolution_with_evidence17h6d16ae2d2e0efdf6E overflows the maximum allowed frame space by accessing an offset 7680 bytes greater than the maximum of 4096. Please, minimize large stack variables. Estimated function frame size: 11776 bytes. Exceeding the maximum stack offset may cause undefined behavior during execution.

Error: Function _ZN23clutch_solana_reference11apply_inner17he79bcb305d1293d1E overflows the maximum allowed frame space by accessing an offset 4096 bytes greater than the maximum of 4096. Please, minimize large stack variables. Estimated function frame size: 8192 bytes. Exceeding the maximum stack offset may cause undefined behavior during execution.

Error: Function _ZN23clutch_solana_reference21resolve_from_evidence17hcb480efe13428a8fE overflows the maximum allowed frame space by accessing an offset 9216 bytes greater than the maximum of 4096. Please, minimize large stack variables. Estimated function frame size: 13312 bytes. Exceeding the maximum stack offset may cause undefined behavior during execution.

Error: Function _ZN23clutch_solana_reference20redeem_from_evidence17h8eee253015e19c0fE overflows the maximum allowed frame space by accessing an offset 7680 bytes greater than the maximum of 4096. Please, minimize large stack variables. Estimated function frame size: 11776 bytes. Exceeding the maximum stack offset may cause undefined behavior during execution.

Error: A function call in method _ZN20clutch_solana_layout20portfolio_settlement17prepare_full_pair17hcb7df761d439a277E overwrites values in the frame. Please, decrease stack usage or remove parameters from the call. The function call may cause undefined behavior during execution.

Error: A function call in method _ZN20clutch_solana_layout20portfolio_settlement17prepare_full_pair17hcb7df761d439a277E overwrites values in the frame. Please, decrease stack usage or remove parameters from the call. The function call may cause undefined behavior during execution.

Error: Function _ZN20clutch_solana_layout20portfolio_settlement17prepare_full_pair17hcb7df761d439a277E overflows the maximum allowed frame space by accessing an offset 128 bytes greater than the maximum of 4096. Please, minimize large stack variables. Estimated function frame size: 4224 bytes. Exceeding the maximum stack offset may cause undefined behavior during execution.

Error: A function call in method _ZN20clutch_solana_layout20portfolio_settlement17prepare_full_pair17hcb7df761d439a277E overwrites values in the frame. Please, decrease stack usage or remove parameters from the call. The function call may cause undefined behavior during execution.

Error: A function call in method _ZN20clutch_solana_layout20portfolio_settlement17prepare_full_pair17hcb7df761d439a277E overwrites values in the frame. Please, decrease stack usage or remove parameters from the call. The function call may cause undefined behavior during execution.

Error: Function _ZN20clutch_solana_layout20portfolio_settlement15apply_full_pair17h7bf69f0ecdb6a077E overflows the maximum allowed frame space by accessing an offset 2688 bytes greater than the maximum of 4096. Please, minimize large stack variables. Estimated function frame size: 6784 bytes. Exceeding the maximum stack offset may cause undefined behavior during execution.

Error: Function _ZN20clutch_solana_layout16OrderPageAccount6decode17h2e46a2fa2a6bcd8bE overflows the maximum allowed frame space by accessing an offset 4800 bytes greater than the maximum of 4096. Please, minimize large stack variables. Estimated function frame size: 8896 bytes. Exceeding the maximum stack offset may cause undefined behavior during execution.

Error: Function _ZN20clutch_solana_layout16OrderPageAccount14decode_on_grid17h8323c9593699b67fE overflows the maximum allowed frame space by accessing an offset 4480 bytes greater than the maximum of 4096. Please, minimize large stack variables. Estimated function frame size: 8576 bytes. Exceeding the maximum stack offset may cause undefined behavior during execution.

warning: `clutch-solana-layout` (lib) generated 1 warning (run `cargo fix --lib -p clutch-solana-layout` to apply 1 suggestion)
   Compiling clutch-sbf v0.1.0 (/Users/ember/jobs/dragons-clutch-r1-7e8f6b1-worktree.wacx0l/programs/clutch-sbf/program)
    Finished `release` profile [optimized] target(s) in 6.93s
