   Compiling five8_core v1.0.0
   Compiling solana-program-error v3.0.1
   Compiling solana-define-syscall v5.1.0 (/Users/ember/jobs/dragons-clutch-r1-c55f471-xpath-worktree/programs/clutch-sbf/vendor/solana-define-syscall-5.1.0)
   Compiling solana-define-syscall v4.0.1
   Compiling solana-sanitize v3.0.1
   Compiling autocfg v1.5.1
   Compiling solana-hash v4.5.0
   Compiling clutch-batch v0.1.0 (/Users/ember/jobs/dragons-clutch-r1-c55f471-xpath-worktree/crates/clutch-batch)
   Compiling clutch-liveness v0.1.0 (/Users/ember/jobs/dragons-clutch-r1-c55f471-xpath-worktree/crates/clutch-liveness)
   Compiling clutch-bspline v0.1.0 (/Users/ember/jobs/dragons-clutch-r1-c55f471-xpath-worktree/crates/clutch-bspline)
   Compiling clutch-accumulator v0.1.0 (/Users/ember/jobs/dragons-clutch-r1-c55f471-xpath-worktree/crates/clutch-accumulator)
   Compiling clutch-kernel v0.1.0 (/Users/ember/jobs/dragons-clutch-r1-c55f471-xpath-worktree/crates/clutch-kernel)
   Compiling five8_const v1.0.0
   Compiling five8 v1.0.0
   Compiling solana-sha256-hasher v3.1.0
   Compiling solana-program-memory v3.1.0
   Compiling clutch-bspline-accumulator v0.1.0 (/Users/ember/jobs/dragons-clutch-r1-c55f471-xpath-worktree/crates/clutch-bspline-accumulator)
   Compiling solana-address v2.6.1
   Compiling clutch-batch-policy-identity v0.1.0 (/Users/ember/jobs/dragons-clutch-r1-c55f471-xpath-worktree/research/batch-policy-identity)
   Compiling solana-pubkey v4.2.0
   Compiling solana-account-info v3.1.1
   Compiling solana-sdk-ids v3.1.0
   Compiling num-traits v0.2.19
   Compiling solana-program-entrypoint v3.1.1
   Compiling clutch-solana-layout v0.1.0 (/Users/ember/jobs/dragons-clutch-r1-c55f471-xpath-worktree/programs/solana-layout)
warning: unused import: `Sha256`
  --> src/stream.rs:89:48
   |
89 |     OwnerId, PriceGridAccount, Reader, Result, Sha256, TombstoneRecord, Writer, EPOCH_PHASE_OPEN,
   |                                                ^^^^^^
   |
   = note: `#[warn(unused_imports)]` on by default

Error: Function _ZN12clutch_batch11relation_v19normalize17h4aa292076ed27e6aE overflows the maximum allowed frame space by accessing an offset 7872 bytes greater than the maximum of 4096. Please, minimize large stack variables. Estimated function frame size: 11968 bytes. Exceeding the maximum stack offset may cause undefined behavior during execution.

Error: Function _ZN12clutch_batch11relation_v111settle_cash17h3a3c8e6b6e1485edE overflows the maximum allowed frame space by accessing an offset 2112 bytes greater than the maximum of 4096. Please, minimize large stack variables. Estimated function frame size: 6208 bytes. Exceeding the maximum stack offset may cause undefined behavior during execution.

Error: A function call in method _ZN12clutch_batch11relation_v111settle_cash17h3a3c8e6b6e1485edE overwrites values in the frame. Please, decrease stack usage or remove parameters from the call. The function call may cause undefined behavior during execution.

Error: A function call in method _ZN12clutch_batch11relation_v111settle_cash17h3a3c8e6b6e1485edE overwrites values in the frame. Please, decrease stack usage or remove parameters from the call. The function call may cause undefined behavior during execution.

Error: A function call in method _ZN12clutch_batch11relation_v111settle_cash17h3a3c8e6b6e1485edE overwrites values in the frame. Please, decrease stack usage or remove parameters from the call. The function call may cause undefined behavior during execution.

Error: A function call in method _ZN12clutch_batch11relation_v111settle_cash17h3a3c8e6b6e1485edE overwrites values in the frame. Please, decrease stack usage or remove parameters from the call. The function call may cause undefined behavior during execution.

Error: A function call in method _ZN12clutch_batch11relation_v111settle_cash17h3a3c8e6b6e1485edE overwrites values in the frame. Please, decrease stack usage or remove parameters from the call. The function call may cause undefined behavior during execution.

Error: Function _ZN12clutch_batch11relation_v122verify_pairing_witness17hec7d7e0abe438024E overflows the maximum allowed frame space by accessing an offset 7872 bytes greater than the maximum of 4096. Please, minimize large stack variables. Estimated function frame size: 11968 bytes. Exceeding the maximum stack offset may cause undefined behavior during execution.

Error: Function _ZN12clutch_batch11relation_v112verify_inner17h4d96a97ffea275cfE overflows the maximum allowed frame space by accessing an offset 27968 bytes greater than the maximum of 4096. Please, minimize large stack variables. Estimated function frame size: 32064 bytes. Exceeding the maximum stack offset may cause undefined behavior during execution.

Error: A function call in method _ZN12clutch_batch11relation_v112verify_inner17h4d96a97ffea275cfE overwrites values in the frame. Please, decrease stack usage or remove parameters from the call. The function call may cause undefined behavior during execution.

Error: A function call in method _ZN12clutch_batch11relation_v112verify_inner17h4d96a97ffea275cfE overwrites values in the frame. Please, decrease stack usage or remove parameters from the call. The function call may cause undefined behavior during execution.

Error: A function call in method _ZN12clutch_batch11relation_v112verify_inner17h4d96a97ffea275cfE overwrites values in the frame. Please, decrease stack usage or remove parameters from the call. The function call may cause undefined behavior during execution.

Error: A function call in method _ZN12clutch_batch11relation_v112verify_inner17h4d96a97ffea275cfE overwrites values in the frame. Please, decrease stack usage or remove parameters from the call. The function call may cause undefined behavior during execution.

Error: A function call in method _ZN12clutch_batch11relation_v112verify_inner17h4d96a97ffea275cfE overwrites values in the frame. Please, decrease stack usage or remove parameters from the call. The function call may cause undefined behavior during execution.

Error: A function call in method _ZN12clutch_batch11relation_v112verify_inner17h4d96a97ffea275cfE overwrites values in the frame. Please, decrease stack usage or remove parameters from the call. The function call may cause undefined behavior during execution.

Error: A function call in method _ZN12clutch_batch11relation_v112verify_inner17h4d96a97ffea275cfE overwrites values in the frame. Please, decrease stack usage or remove parameters from the call. The function call may cause undefined behavior during execution.

Error: A function call in method _ZN12clutch_batch11relation_v112verify_inner17h4d96a97ffea275cfE overwrites values in the frame. Please, decrease stack usage or remove parameters from the call. The function call may cause undefined behavior during execution.

Error: Function _ZN12clutch_batch11relation_v119canonical_candidate17hfeb3371a8f0a5d1fE overflows the maximum allowed frame space by accessing an offset 40192 bytes greater than the maximum of 4096. Please, minimize large stack variables. Estimated function frame size: 44288 bytes. Exceeding the maximum stack offset may cause undefined behavior during execution.

Error: A function call in method _ZN12clutch_batch11relation_v119canonical_candidate17hfeb3371a8f0a5d1fE overwrites values in the frame. Please, decrease stack usage or remove parameters from the call. The function call may cause undefined behavior during execution.

Error: A function call in method _ZN12clutch_batch11relation_v119canonical_candidate17hfeb3371a8f0a5d1fE overwrites values in the frame. Please, decrease stack usage or remove parameters from the call. The function call may cause undefined behavior during execution.

Error: A function call in method _ZN12clutch_batch11relation_v119canonical_candidate17hfeb3371a8f0a5d1fE overwrites values in the frame. Please, decrease stack usage or remove parameters from the call. The function call may cause undefined behavior during execution.

Error: A function call in method _ZN12clutch_batch11relation_v119canonical_candidate17hfeb3371a8f0a5d1fE overwrites values in the frame. Please, decrease stack usage or remove parameters from the call. The function call may cause undefined behavior during execution.

Error: A function call in method _ZN12clutch_batch11relation_v119canonical_candidate17hfeb3371a8f0a5d1fE overwrites values in the frame. Please, decrease stack usage or remove parameters from the call. The function call may cause undefined behavior during execution.

Error: A function call in method _ZN12clutch_batch11relation_v119canonical_candidate17hfeb3371a8f0a5d1fE overwrites values in the frame. Please, decrease stack usage or remove parameters from the call. The function call may cause undefined behavior during execution.

Error: A function call in method _ZN12clutch_batch11relation_v119canonical_candidate17hfeb3371a8f0a5d1fE overwrites values in the frame. Please, decrease stack usage or remove parameters from the call. The function call may cause undefined behavior during execution.

Error: A function call in method _ZN12clutch_batch11relation_v119canonical_candidate17hfeb3371a8f0a5d1fE overwrites values in the frame. Please, decrease stack usage or remove parameters from the call. The function call may cause undefined behavior during execution.

Error: A function call in method _ZN12clutch_batch11relation_v119canonical_candidate17hfeb3371a8f0a5d1fE overwrites values in the frame. Please, decrease stack usage or remove parameters from the call. The function call may cause undefined behavior during execution.

Error: Function _ZN12clutch_batch11relation_v117canonical_pairing17h8ead33f917c07422E overflows the maximum allowed frame space by accessing an offset 22016 bytes greater than the maximum of 4096. Please, minimize large stack variables. Estimated function frame size: 26112 bytes. Exceeding the maximum stack offset may cause undefined behavior during execution.

Error: Function _ZN12clutch_batch11relation_v121check_explicit_slices17hf703eaed42494fe0E overflows the maximum allowed frame space by accessing an offset 4736 bytes greater than the maximum of 4096. Please, minimize large stack variables. Estimated function frame size: 8832 bytes. Exceeding the maximum stack offset may cause undefined behavior during execution.

Error: Function _ZN12clutch_batch11relation_v118propose_best_valid17h39a682c8f9e10276E overflows the maximum allowed frame space by accessing an offset 10240 bytes greater than the maximum of 4096. Please, minimize large stack variables. Estimated function frame size: 14336 bytes. Exceeding the maximum stack offset may cause undefined behavior during execution.

Error: A function call in method _ZN12clutch_batch11relation_v118propose_best_valid17h39a682c8f9e10276E overwrites values in the frame. Please, decrease stack usage or remove parameters from the call. The function call may cause undefined behavior during execution.

Error: A function call in method _ZN12clutch_batch11relation_v118propose_best_valid17h39a682c8f9e10276E overwrites values in the frame. Please, decrease stack usage or remove parameters from the call. The function call may cause undefined behavior during execution.

   Compiling solana-instruction-error v2.4.0
   Compiling solana-instruction v3.4.1
   Compiling solana-stable-layout v3.0.1
Error: Function _ZN28clutch_batch_policy_identity19direct_lifecycle_v321DirectPrefreezePageV322recomputed_page_digest17h6da8e932f76bbe8eE overflows the maximum allowed frame space by accessing an offset 3776 bytes greater than the maximum of 4096. Please, minimize large stack variables. Estimated function frame size: 7872 bytes. Exceeding the maximum stack offset may cause undefined behavior during execution.

   Compiling solana-cpi v3.1.0
Error: Function _ZN28clutch_batch_policy_identity19direct_lifecycle_v317DirectPrefreezeV310initialize17h091b97755262ead9E overflows the maximum allowed frame space by accessing an offset 2560 bytes greater than the maximum of 4096. Please, minimize large stack variables. Estimated function frame size: 6656 bytes. Exceeding the maximum stack offset may cause undefined behavior during execution.

Error: Function _ZN28clutch_batch_policy_identity19direct_lifecycle_v317DirectPrefreezeV317place_reservation17hbf9474ebd8c56673E overflows the maximum allowed frame space by accessing an offset 13760 bytes greater than the maximum of 4096. Please, minimize large stack variables. Estimated function frame size: 17856 bytes. Exceeding the maximum stack offset may cause undefined behavior during execution.

Error: A function call in method _ZN28clutch_batch_policy_identity19direct_lifecycle_v317DirectPrefreezeV317place_reservation17hbf9474ebd8c56673E overwrites values in the frame. Please, decrease stack usage or remove parameters from the call. The function call may cause undefined behavior during execution.

Error: A function call in method _ZN28clutch_batch_policy_identity19direct_lifecycle_v317DirectPrefreezeV317place_reservation17hbf9474ebd8c56673E overwrites values in the frame. Please, decrease stack usage or remove parameters from the call. The function call may cause undefined behavior during execution.

Error: Function _ZN28clutch_batch_policy_identity19direct_lifecycle_v317DirectPrefreezeV36freeze17hd3f44373982b2e47E overflows the maximum allowed frame space by accessing an offset 24448 bytes greater than the maximum of 4096. Please, minimize large stack variables. Estimated function frame size: 28544 bytes. Exceeding the maximum stack offset may cause undefined behavior during execution.

Error: Function _ZN28clutch_batch_policy_identity19direct_lifecycle_v317DirectPrefreezeV35abort17hb32f2fcfa3aab597E overflows the maximum allowed frame space by accessing an offset 4480 bytes greater than the maximum of 4096. Please, minimize large stack variables. Estimated function frame size: 8576 bytes. Exceeding the maximum stack offset may cause undefined behavior during execution.

Error: A function call in method _ZN28clutch_batch_policy_identity19direct_lifecycle_v317DirectPrefreezeV35abort17hb32f2fcfa3aab597E overwrites values in the frame. Please, decrease stack usage or remove parameters from the call. The function call may cause undefined behavior during execution.

Error: A function call in method _ZN28clutch_batch_policy_identity19direct_lifecycle_v317DirectPrefreezeV35abort17hb32f2fcfa3aab597E overwrites values in the frame. Please, decrease stack usage or remove parameters from the call. The function call may cause undefined behavior during execution.

Error: A function call in method _ZN28clutch_batch_policy_identity19direct_lifecycle_v317DirectPrefreezeV35abort17hb32f2fcfa3aab597E overwrites values in the frame. Please, decrease stack usage or remove parameters from the call. The function call may cause undefined behavior during execution.

Error: A function call in method _ZN28clutch_batch_policy_identity19direct_lifecycle_v317DirectPrefreezeV35abort17hb32f2fcfa3aab597E overwrites values in the frame. Please, decrease stack usage or remove parameters from the call. The function call may cause undefined behavior during execution.

Error: A function call in method _ZN28clutch_batch_policy_identity19direct_lifecycle_v317DirectPrefreezeV35abort17hb32f2fcfa3aab597E overwrites values in the frame. Please, decrease stack usage or remove parameters from the call. The function call may cause undefined behavior during execution.

Error: Function _ZN28clutch_batch_policy_identity19direct_lifecycle_v317DirectLifecycleV35admit17h5d2387c83f89123dE overflows the maximum allowed frame space by accessing an offset 17408 bytes greater than the maximum of 4096. Please, minimize large stack variables. Estimated function frame size: 21504 bytes. Exceeding the maximum stack offset may cause undefined behavior during execution.

Error: A function call in method _ZN28clutch_batch_policy_identity19direct_lifecycle_v317DirectLifecycleV35admit17h5d2387c83f89123dE overwrites values in the frame. Please, decrease stack usage or remove parameters from the call. The function call may cause undefined behavior during execution.

Error: A function call in method _ZN28clutch_batch_policy_identity19direct_lifecycle_v317DirectLifecycleV35admit17h5d2387c83f89123dE overwrites values in the frame. Please, decrease stack usage or remove parameters from the call. The function call may cause undefined behavior during execution.

Error: A function call in method _ZN28clutch_batch_policy_identity19direct_lifecycle_v317DirectLifecycleV35admit17h5d2387c83f89123dE overwrites values in the frame. Please, decrease stack usage or remove parameters from the call. The function call may cause undefined behavior during execution.

Error: Function _ZN28clutch_batch_policy_identity19direct_lifecycle_v317DirectLifecycleV318begin_verification17hd1e8d5d6607b04ecE overflows the maximum allowed frame space by accessing an offset 15808 bytes greater than the maximum of 4096. Please, minimize large stack variables. Estimated function frame size: 19904 bytes. Exceeding the maximum stack offset may cause undefined behavior during execution.

Error: Function _ZN28clutch_batch_policy_identity19direct_lifecycle_v317DirectLifecycleV316verify_candidate17h3e1390ba5c0a3b56E overflows the maximum allowed frame space by accessing an offset 16640 bytes greater than the maximum of 4096. Please, minimize large stack variables. Estimated function frame size: 20736 bytes. Exceeding the maximum stack offset may cause undefined behavior during execution.

Error: Function _ZN28clutch_batch_policy_identity19direct_lifecycle_v317DirectLifecycleV318finalize_selection17hdb52859ba0c7a27bE overflows the maximum allowed frame space by accessing an offset 17088 bytes greater than the maximum of 4096. Please, minimize large stack variables. Estimated function frame size: 21184 bytes. Exceeding the maximum stack offset may cause undefined behavior during execution.

Error: A function call in method _ZN28clutch_batch_policy_identity19direct_lifecycle_v317DirectLifecycleV318finalize_selection17hdb52859ba0c7a27bE overwrites values in the frame. Please, decrease stack usage or remove parameters from the call. The function call may cause undefined behavior during execution.

Error: A function call in method _ZN28clutch_batch_policy_identity19direct_lifecycle_v317DirectLifecycleV318finalize_selection17hdb52859ba0c7a27bE overwrites values in the frame. Please, decrease stack usage or remove parameters from the call. The function call may cause undefined behavior during execution.

Error: A function call in method _ZN28clutch_batch_policy_identity19direct_lifecycle_v317DirectLifecycleV318finalize_selection17hdb52859ba0c7a27bE overwrites values in the frame. Please, decrease stack usage or remove parameters from the call. The function call may cause undefined behavior during execution.

Error: A function call in method _ZN28clutch_batch_policy_identity19direct_lifecycle_v317DirectLifecycleV318finalize_selection17hdb52859ba0c7a27bE overwrites values in the frame. Please, decrease stack usage or remove parameters from the call. The function call may cause undefined behavior during execution.

Error: A function call in method _ZN28clutch_batch_policy_identity19direct_lifecycle_v317DirectLifecycleV318finalize_selection17hdb52859ba0c7a27bE overwrites values in the frame. Please, decrease stack usage or remove parameters from the call. The function call may cause undefined behavior during execution.

Error: A function call in method _ZN28clutch_batch_policy_identity19direct_lifecycle_v317DirectLifecycleV318finalize_selection17hdb52859ba0c7a27bE overwrites values in the frame. Please, decrease stack usage or remove parameters from the call. The function call may cause undefined behavior during execution.

Error: Function _ZN28clutch_batch_policy_identity19direct_lifecycle_v317DirectLifecycleV330require_observations_unchanged17h137c026bfe64a73fE overflows the maximum allowed frame space by accessing an offset 2880 bytes greater than the maximum of 4096. Please, minimize large stack variables. Estimated function frame size: 6976 bytes. Exceeding the maximum stack offset may cause undefined behavior during execution.

Error: Function _ZN28clutch_batch_policy_identity19direct_lifecycle_v317DirectLifecycleV315finish_terminal17hf12181ea3d285531E overflows the maximum allowed frame space by accessing an offset 17408 bytes greater than the maximum of 4096. Please, minimize large stack variables. Estimated function frame size: 21504 bytes. Exceeding the maximum stack offset may cause undefined behavior during execution.

Error: A function call in method _ZN28clutch_batch_policy_identity19direct_lifecycle_v317DirectLifecycleV315finish_terminal17hf12181ea3d285531E overwrites values in the frame. Please, decrease stack usage or remove parameters from the call. The function call may cause undefined behavior during execution.

Error: A function call in method _ZN28clutch_batch_policy_identity19direct_lifecycle_v317DirectLifecycleV315finish_terminal17hf12181ea3d285531E overwrites values in the frame. Please, decrease stack usage or remove parameters from the call. The function call may cause undefined behavior during execution.

Error: A function call in method _ZN28clutch_batch_policy_identity19direct_lifecycle_v317DirectLifecycleV315finish_terminal17hf12181ea3d285531E overwrites values in the frame. Please, decrease stack usage or remove parameters from the call. The function call may cause undefined behavior during execution.

Error: A function call in method _ZN28clutch_batch_policy_identity19direct_lifecycle_v317DirectLifecycleV315finish_terminal17hf12181ea3d285531E overwrites values in the frame. Please, decrease stack usage or remove parameters from the call. The function call may cause undefined behavior during execution.

Error: A function call in method _ZN28clutch_batch_policy_identity19direct_lifecycle_v317DirectLifecycleV315finish_terminal17hf12181ea3d285531E overwrites values in the frame. Please, decrease stack usage or remove parameters from the call. The function call may cause undefined behavior during execution.

Error: A function call in method _ZN28clutch_batch_policy_identity19direct_lifecycle_v317DirectLifecycleV315finish_terminal17hf12181ea3d285531E overwrites values in the frame. Please, decrease stack usage or remove parameters from the call. The function call may cause undefined behavior during execution.

Error: A function call in method _ZN28clutch_batch_policy_identity19direct_lifecycle_v317DirectLifecycleV315finish_terminal17hf12181ea3d285531E overwrites values in the frame. Please, decrease stack usage or remove parameters from the call. The function call may cause undefined behavior during execution.

Error: A function call in method _ZN28clutch_batch_policy_identity19direct_lifecycle_v317DirectLifecycleV315finish_terminal17hf12181ea3d285531E overwrites values in the frame. Please, decrease stack usage or remove parameters from the call. The function call may cause undefined behavior during execution.

Error: A function call in method _ZN28clutch_batch_policy_identity19direct_lifecycle_v317DirectLifecycleV315finish_terminal17hf12181ea3d285531E overwrites values in the frame. Please, decrease stack usage or remove parameters from the call. The function call may cause undefined behavior during execution.

Error: A function call in method _ZN28clutch_batch_policy_identity19direct_lifecycle_v317DirectLifecycleV315finish_terminal17hf12181ea3d285531E overwrites values in the frame. Please, decrease stack usage or remove parameters from the call. The function call may cause undefined behavior during execution.

Error: A function call in method _ZN28clutch_batch_policy_identity19direct_lifecycle_v317DirectLifecycleV315finish_terminal17hf12181ea3d285531E overwrites values in the frame. Please, decrease stack usage or remove parameters from the call. The function call may cause undefined behavior during execution.

Error: A function call in method _ZN28clutch_batch_policy_identity19direct_lifecycle_v317DirectLifecycleV315finish_terminal17hf12181ea3d285531E overwrites values in the frame. Please, decrease stack usage or remove parameters from the call. The function call may cause undefined behavior during execution.

Error: A function call in method _ZN28clutch_batch_policy_identity19direct_lifecycle_v317DirectLifecycleV315finish_terminal17hf12181ea3d285531E overwrites values in the frame. Please, decrease stack usage or remove parameters from the call. The function call may cause undefined behavior during execution.

Error: A function call in method _ZN28clutch_batch_policy_identity19direct_lifecycle_v317DirectLifecycleV315finish_terminal17hf12181ea3d285531E overwrites values in the frame. Please, decrease stack usage or remove parameters from the call. The function call may cause undefined behavior during execution.

Error: A function call in method _ZN28clutch_batch_policy_identity19direct_lifecycle_v317DirectLifecycleV315finish_terminal17hf12181ea3d285531E overwrites values in the frame. Please, decrease stack usage or remove parameters from the call. The function call may cause undefined behavior during execution.

Error: A function call in method _ZN28clutch_batch_policy_identity19direct_lifecycle_v317DirectLifecycleV315finish_terminal17hf12181ea3d285531E overwrites values in the frame. Please, decrease stack usage or remove parameters from the call. The function call may cause undefined behavior during execution.

Error: A function call in method _ZN28clutch_batch_policy_identity19direct_lifecycle_v317DirectLifecycleV315finish_terminal17hf12181ea3d285531E overwrites values in the frame. Please, decrease stack usage or remove parameters from the call. The function call may cause undefined behavior during execution.

Error: A function call in method _ZN28clutch_batch_policy_identity19direct_lifecycle_v317DirectLifecycleV315finish_terminal17hf12181ea3d285531E overwrites values in the frame. Please, decrease stack usage or remove parameters from the call. The function call may cause undefined behavior during execution.

Error: A function call in method _ZN28clutch_batch_policy_identity19direct_lifecycle_v317DirectLifecycleV315finish_terminal17hf12181ea3d285531E overwrites values in the frame. Please, decrease stack usage or remove parameters from the call. The function call may cause undefined behavior during execution.

Error: A function call in method _ZN28clutch_batch_policy_identity19direct_lifecycle_v317DirectLifecycleV315finish_terminal17hf12181ea3d285531E overwrites values in the frame. Please, decrease stack usage or remove parameters from the call. The function call may cause undefined behavior during execution.

Error: A function call in method _ZN28clutch_batch_policy_identity19direct_lifecycle_v317DirectLifecycleV315finish_terminal17hf12181ea3d285531E overwrites values in the frame. Please, decrease stack usage or remove parameters from the call. The function call may cause undefined behavior during execution.

Error: A function call in method _ZN28clutch_batch_policy_identity19direct_lifecycle_v317DirectLifecycleV315finish_terminal17hf12181ea3d285531E overwrites values in the frame. Please, decrease stack usage or remove parameters from the call. The function call may cause undefined behavior during execution.

Error: A function call in method _ZN28clutch_batch_policy_identity19direct_lifecycle_v317DirectLifecycleV315finish_terminal17hf12181ea3d285531E overwrites values in the frame. Please, decrease stack usage or remove parameters from the call. The function call may cause undefined behavior during execution.

Error: A function call in method _ZN28clutch_batch_policy_identity19direct_lifecycle_v317DirectLifecycleV315finish_terminal17hf12181ea3d285531E overwrites values in the frame. Please, decrease stack usage or remove parameters from the call. The function call may cause undefined behavior during execution.

Error: A function call in method _ZN28clutch_batch_policy_identity19direct_lifecycle_v317DirectLifecycleV315finish_terminal17hf12181ea3d285531E overwrites values in the frame. Please, decrease stack usage or remove parameters from the call. The function call may cause undefined behavior during execution.

Error: A function call in method _ZN28clutch_batch_policy_identity19direct_lifecycle_v317DirectLifecycleV315finish_terminal17hf12181ea3d285531E overwrites values in the frame. Please, decrease stack usage or remove parameters from the call. The function call may cause undefined behavior during execution.

Error: A function call in method _ZN28clutch_batch_policy_identity19direct_lifecycle_v317DirectLifecycleV315finish_terminal17hf12181ea3d285531E overwrites values in the frame. Please, decrease stack usage or remove parameters from the call. The function call may cause undefined behavior during execution.

Error: A function call in method _ZN28clutch_batch_policy_identity19direct_lifecycle_v317DirectLifecycleV315finish_terminal17hf12181ea3d285531E overwrites values in the frame. Please, decrease stack usage or remove parameters from the call. The function call may cause undefined behavior during execution.

Error: A function call in method _ZN28clutch_batch_policy_identity19direct_lifecycle_v317DirectLifecycleV315finish_terminal17hf12181ea3d285531E overwrites values in the frame. Please, decrease stack usage or remove parameters from the call. The function call may cause undefined behavior during execution.

Error: Function _ZN28clutch_batch_policy_identity30full_relation_candidate_digest17h78f638796ef7341dE overflows the maximum allowed frame space by accessing an offset 8128 bytes greater than the maximum of 4096. Please, minimize large stack variables. Estimated function frame size: 12224 bytes. Exceeding the maximum stack offset may cause undefined behavior during execution.

Error: Function _ZN28clutch_batch_policy_identity9recompute17ha3560e0615adde50E overflows the maximum allowed frame space by accessing an offset 128 bytes greater than the maximum of 4096. Please, minimize large stack variables. Estimated function frame size: 4224 bytes. Exceeding the maximum stack offset may cause undefined behavior during execution.

   Compiling clutch-solana-reference v0.1.0 (/Users/ember/jobs/dragons-clutch-r1-c55f471-xpath-worktree/programs/solana-reference)
Error: Function _ZN23clutch_solana_reference20validate_market_init17h11cc432da91094daE overflows the maximum allowed frame space by accessing an offset 5376 bytes greater than the maximum of 4096. Please, minimize large stack variables. Estimated function frame size: 9472 bytes. Exceeding the maximum stack offset may cause undefined behavior during execution.

Error: Function _ZN23clutch_solana_reference22validate_position_init17hbc0b2dfb508fbc46E overflows the maximum allowed frame space by accessing an offset 4672 bytes greater than the maximum of 4096. Please, minimize large stack variables. Estimated function frame size: 8768 bytes. Exceeding the maximum stack offset may cause undefined behavior during execution.

Error: Function _ZN23clutch_solana_reference12DecodedState6decode17h52ec05b5cff24124E overflows the maximum allowed frame space by accessing an offset 1920 bytes greater than the maximum of 4096. Please, minimize large stack variables. Estimated function frame size: 6016 bytes. Exceeding the maximum stack offset may cause undefined behavior during execution.

Error: Function _ZN23clutch_solana_reference37apply_market_resolution_with_evidence17h6a7bd3e1243dc2acE overflows the maximum allowed frame space by accessing an offset 4928 bytes greater than the maximum of 4096. Please, minimize large stack variables. Estimated function frame size: 9024 bytes. Exceeding the maximum stack offset may cause undefined behavior during execution.

Error: Function _ZN23clutch_solana_reference11apply_inner17h5c056fab4bb276b1E overflows the maximum allowed frame space by accessing an offset 4096 bytes greater than the maximum of 4096. Please, minimize large stack variables. Estimated function frame size: 8192 bytes. Exceeding the maximum stack offset may cause undefined behavior during execution.

Error: Function _ZN20clutch_solana_layout16OrderPageAccount6decode17h5204b4bfb3e63e05E overflows the maximum allowed frame space by accessing an offset 4800 bytes greater than the maximum of 4096. Please, minimize large stack variables. Estimated function frame size: 8896 bytes. Exceeding the maximum stack offset may cause undefined behavior during execution.

Error: Function _ZN20clutch_solana_layout16OrderPageAccount14decode_on_grid17he6758232ddad3777E overflows the maximum allowed frame space by accessing an offset 4480 bytes greater than the maximum of 4096. Please, minimize large stack variables. Estimated function frame size: 8576 bytes. Exceeding the maximum stack offset may cause undefined behavior during execution.

warning: `clutch-solana-layout` (lib) generated 1 warning (run `cargo fix --lib -p clutch-solana-layout` to apply 1 suggestion)
   Compiling clutch-sbf v0.1.0 (/Users/ember/jobs/dragons-clutch-r1-c55f471-xpath-worktree/programs/clutch-sbf/program)
    Finished `release` profile [optimized] target(s) in 11.41s
